../Core/Src/stm32f4xx_it.c:166:6:NMI_Handler	4	static
../Core/Src/stm32f4xx_it.c:181:6:HardFault_Handler	4	static
../Core/Src/stm32f4xx_it.c:196:6:MemManage_Handler	4	static
../Core/Src/stm32f4xx_it.c:211:6:BusFault_Handler	4	static
../Core/Src/stm32f4xx_it.c:226:6:UsageFault_Handler	4	static
../Core/Src/stm32f4xx_it.c:241:6:SVC_Handler	4	static
../Core/Src/stm32f4xx_it.c:254:6:DebugMon_Handler	4	static
../Core/Src/stm32f4xx_it.c:267:6:PendSV_Handler	4	static
../Core/Src/stm32f4xx_it.c:280:6:SysTick_Handler	8	static
../Core/Src/stm32f4xx_it.c:301:6:TIM5_IRQHandler	96	static
../Core/Src/stm32f4xx_it.c:555:6:USART6_IRQHandler	8	static
