../Core/Src/stm32f4xx_it.c:160:6:NMI_Handler	4	static
../Core/Src/stm32f4xx_it.c:175:6:HardFault_Handler	4	static
../Core/Src/stm32f4xx_it.c:190:6:MemManage_Handler	4	static
../Core/Src/stm32f4xx_it.c:205:6:BusFault_Handler	4	static
../Core/Src/stm32f4xx_it.c:220:6:UsageFault_Handler	4	static
../Core/Src/stm32f4xx_it.c:235:6:SVC_Handler	4	static
../Core/Src/stm32f4xx_it.c:248:6:DebugMon_Handler	4	static
../Core/Src/stm32f4xx_it.c:261:6:PendSV_Handler	4	static
../Core/Src/stm32f4xx_it.c:274:6:SysTick_Handler	8	static
../Core/Src/stm32f4xx_it.c:295:6:TIM5_IRQHandler	72	static
../Core/Src/stm32f4xx_it.c:488:6:USART6_IRQHandler	8	static
