Archive member included to satisfy reference by file (symbol)

e:/gcc-arm-none-eabi-10.3-2021.10/bin/../lib/gcc/arm-none-eabi/10.3.1/thumb/v7e-m/nofp\libgcc.a(_arm_muldf3.o)
                              CMakeFiles/Eom_MPU6500_2.elf.dir/Core/Src/main.c.obj (__aeabi_dmul)
e:/gcc-arm-none-eabi-10.3-2021.10/bin/../lib/gcc/arm-none-eabi/10.3.1/thumb/v7e-m/nofp\libgcc.a(_arm_mulsf3.o)
                              CMakeFiles/Eom_MPU6500_2.elf.dir/Core/Src/motor.c.obj (__aeabi_fmul)
e:/gcc-arm-none-eabi-10.3-2021.10/bin/../lib/gcc/arm-none-eabi/10.3.1/thumb/v7e-m/nofp\libgcc.a(_arm_addsubdf3.o)
                              CMakeFiles/Eom_MPU6500_2.elf.dir/Core/Src/main.c.obj (__aeabi_f2d)
e:/gcc-arm-none-eabi-10.3-2021.10/bin/../lib/gcc/arm-none-eabi/10.3.1/thumb/v7e-m/nofp\libgcc.a(_arm_truncdfsf2.o)
                              CMakeFiles/Eom_MPU6500_2.elf.dir/Core/Src/main.c.obj (__aeabi_d2f)
e:/gcc-arm-none-eabi-10.3-2021.10/bin/../lib/gcc/arm-none-eabi/10.3.1/thumb/v7e-m/nofp\libgcc.a(_arm_addsubsf3.o)
                              CMakeFiles/Eom_MPU6500_2.elf.dir/Core/Src/stm32f4xx_it.c.obj (__aeabi_fsub)
e:/gcc-arm-none-eabi-10.3-2021.10/bin/../lib/gcc/arm-none-eabi/10.3.1/thumb/v7e-m/nofp\libgcc.a(_arm_muldivsf3.o)
                              CMakeFiles/Eom_MPU6500_2.elf.dir/Core/Src/main.c.obj (__aeabi_fdiv)
e:/gcc-arm-none-eabi-10.3-2021.10/bin/../lib/gcc/arm-none-eabi/10.3.1/thumb/v7e-m/nofp\libgcc.a(_arm_cmpsf2.o)
                              CMakeFiles/Eom_MPU6500_2.elf.dir/Core/Src/stm32f4xx_it.c.obj (__aeabi_fcmpeq)
e:/gcc-arm-none-eabi-10.3-2021.10/bin/../lib/gcc/arm-none-eabi/10.3.1/thumb/v7e-m/nofp\libgcc.a(_arm_fixsfsi.o)
                              CMakeFiles/Eom_MPU6500_2.elf.dir/Core/Src/stm32f4xx_it.c.obj (__aeabi_f2iz)
e:/gcc-arm-none-eabi-10.3-2021.10/bin/../lib/gcc/arm-none-eabi/10.3.1/thumb/v7e-m/nofp\libgcc.a(_arm_fixunssfsi.o)
                              CMakeFiles/Eom_MPU6500_2.elf.dir/Core/Src/motor.c.obj (__aeabi_f2uiz)
e:/gcc-arm-none-eabi-10.3-2021.10/bin/../lib/gcc/arm-none-eabi/10.3.1/thumb/v7e-m/nofp\libgcc.a(_aeabi_uldivmod.o)
                              CMakeFiles/Eom_MPU6500_2.elf.dir/Drivers/STM32F4xx_HAL_Driver/Src/stm32f4xx_hal_rcc.c.obj (__aeabi_uldivmod)
e:/gcc-arm-none-eabi-10.3-2021.10/bin/../lib/gcc/arm-none-eabi/10.3.1/thumb/v7e-m/nofp\libgcc.a(_udivmoddi4.o)
                              e:/gcc-arm-none-eabi-10.3-2021.10/bin/../lib/gcc/arm-none-eabi/10.3.1/thumb/v7e-m/nofp\libgcc.a(_aeabi_uldivmod.o) (__udivmoddi4)
e:/gcc-arm-none-eabi-10.3-2021.10/bin/../lib/gcc/arm-none-eabi/10.3.1/thumb/v7e-m/nofp\libgcc.a(_dvmd_tls.o)
                              e:/gcc-arm-none-eabi-10.3-2021.10/bin/../lib/gcc/arm-none-eabi/10.3.1/thumb/v7e-m/nofp\libgcc.a(_aeabi_uldivmod.o) (__aeabi_ldiv0)
e:/gcc-arm-none-eabi-10.3-2021.10/bin/../lib/gcc/arm-none-eabi/10.3.1/../../../../arm-none-eabi/lib/thumb/v7e-m/nofp\libg.a(lib_a-errno.o)
                              CMakeFiles/Eom_MPU6500_2.elf.dir/Core/Src/syscalls.c.obj (__errno)
e:/gcc-arm-none-eabi-10.3-2021.10/bin/../lib/gcc/arm-none-eabi/10.3.1/../../../../arm-none-eabi/lib/thumb/v7e-m/nofp\libg.a(lib_a-exit.o)
                              e:/gcc-arm-none-eabi-10.3-2021.10/bin/../lib/gcc/arm-none-eabi/10.3.1/../../../../arm-none-eabi/lib/thumb/v7e-m/nofp/crt0.o (exit)
e:/gcc-arm-none-eabi-10.3-2021.10/bin/../lib/gcc/arm-none-eabi/10.3.1/../../../../arm-none-eabi/lib/thumb/v7e-m/nofp\libg.a(lib_a-impure.o)
                              e:/gcc-arm-none-eabi-10.3-2021.10/bin/../lib/gcc/arm-none-eabi/10.3.1/../../../../arm-none-eabi/lib/thumb/v7e-m/nofp\libg.a(lib_a-exit.o) (_global_impure_ptr)
e:/gcc-arm-none-eabi-10.3-2021.10/bin/../lib/gcc/arm-none-eabi/10.3.1/../../../../arm-none-eabi/lib/thumb/v7e-m/nofp\libg.a(lib_a-init.o)
                              e:/gcc-arm-none-eabi-10.3-2021.10/bin/../lib/gcc/arm-none-eabi/10.3.1/../../../../arm-none-eabi/lib/thumb/v7e-m/nofp/crt0.o (__libc_init_array)
e:/gcc-arm-none-eabi-10.3-2021.10/bin/../lib/gcc/arm-none-eabi/10.3.1/../../../../arm-none-eabi/lib/thumb/v7e-m/nofp\libg.a(lib_a-memcpy.o)
                              CMakeFiles/Eom_MPU6500_2.elf.dir/Core/Src/bluetooth_hc05.c.obj (memcpy)
e:/gcc-arm-none-eabi-10.3-2021.10/bin/../lib/gcc/arm-none-eabi/10.3.1/../../../../arm-none-eabi/lib/thumb/v7e-m/nofp\libg.a(lib_a-memset.o)
                              e:/gcc-arm-none-eabi-10.3-2021.10/bin/../lib/gcc/arm-none-eabi/10.3.1/../../../../arm-none-eabi/lib/thumb/v7e-m/nofp/crt0.o (memset)
e:/gcc-arm-none-eabi-10.3-2021.10/bin/../lib/gcc/arm-none-eabi/10.3.1/../../../../arm-none-eabi/lib/thumb/v7e-m/nofp\libg.a(lib_a-printf.o)
                              CMakeFiles/Eom_MPU6500_2.elf.dir/Core/Src/MPU6500.c.obj (printf)
e:/gcc-arm-none-eabi-10.3-2021.10/bin/../lib/gcc/arm-none-eabi/10.3.1/../../../../arm-none-eabi/lib/thumb/v7e-m/nofp\libg.a(lib_a-puts.o)
                              CMakeFiles/Eom_MPU6500_2.elf.dir/Core/Src/MPU6500.c.obj (puts)
[...]
Memory Configuration

Name             Origin             Length             Attributes
RAM              0x20000000         0x00018000         xrw
FLASH            0x08000000         0x00080000         xr
*default*        0x00000000         0xffffffff

Linker script and memory map

LOAD e:/gcc-arm-none-eabi-10.3-2021.10/bin/../lib/gcc/arm-none-eabi/10.3.1/thumb/v7e-m/nofp/crti.o
LOAD e:/gcc-arm-none-eabi-10.3-2021.10/bin/../lib/gcc/arm-none-eabi/10.3.1/thumb/v7e-m/nofp/crtbegin.o
LOAD e:/gcc-arm-none-eabi-10.3-2021.10/bin/../lib/gcc/arm-none-eabi/10.3.1/../../../../arm-none-eabi/lib/thumb/v7e-m/nofp/crt0.o
LOAD CMakeFiles/Eom_MPU6500_2.elf.dir/Core/Src/MPU6500.c.obj
LOAD CMakeFiles/Eom_MPU6500_2.elf.dir/Core/Src/bluetooth_hc05.c.obj
LOAD CMakeFiles/Eom_MPU6500_2.elf.dir/Core/Src/bluetooth_hc05_at.c.obj
LOAD CMakeFiles/Eom_MPU6500_2.elf.dir/Core/Src/gpio.c.obj
LOAD CMakeFiles/Eom_MPU6500_2.elf.dir/Core/Src/i2c.c.obj
LOAD CMakeFiles/Eom_MPU6500_2.elf.dir/Core/Src/main.c.obj
LOAD CMakeFiles/Eom_MPU6500_2.elf.dir/Core/Src/motor.c.obj
LOAD CMakeFiles/Eom_MPU6500_2.elf.dir/Core/Src/ssd1306.c.obj
LOAD CMakeFiles/Eom_MPU6500_2.elf.dir/Core/Src/stm32f4xx_hal_msp.c.obj
LOAD CMakeFiles/Eom_MPU6500_2.elf.dir/Core/Src/stm32f4xx_it.c.obj
LOAD CMakeFiles/Eom_MPU6500_2.elf.dir/Core/Src/syscalls.c.obj
LOAD CMakeFiles/Eom_MPU6500_2.elf.dir/Core/Src/sysmem.c.obj
LOAD CMakeFiles/Eom_MPU6500_2.elf.dir/Core/Src/system_stm32f4xx.c.obj
LOAD CMakeFiles/Eom_MPU6500_2.elf.dir/Core/Src/tim.c.obj
LOAD CMakeFiles/Eom_MPU6500_2.elf.dir/Core/Src/usart.c.obj
LOAD CMakeFiles/Eom_MPU6500_2.elf.dir/Core/Startup/startup_stm32f401retx.s.obj
LOAD CMakeFiles/Eom_MPU6500_2.elf.dir/Drivers/STM32F4xx_HAL_Driver/Src/stm32f4xx_hal.c.obj
LOAD CMakeFiles/Eom_MPU6500_2.elf.dir/Drivers/STM32F4xx_HAL_Driver/Src/stm32f4xx_hal_cortex.c.obj
LOAD CMakeFiles/Eom_MPU6500_2.elf.dir/Drivers/STM32F4xx_HAL_Driver/Src/stm32f4xx_hal_dma.c.obj
LOAD CMakeFiles/Eom_MPU6500_2.elf.dir/Drivers/STM32F4xx_HAL_Driver/Src/stm32f4xx_hal_dma_ex.c.obj
LOAD CMakeFiles/Eom_MPU6500_2.elf.dir/Drivers/STM32F4xx_HAL_Driver/Src/stm32f4xx_hal_exti.c.obj
LOAD CMakeFiles/Eom_MPU6500_2.elf.dir/Drivers/STM32F4xx_HAL_Driver/Src/stm32f4xx_hal_flash.c.obj
LOAD CMakeFiles/Eom_MPU6500_2.elf.dir/Drivers/STM32F4xx_HAL_Driver/Src/stm32f4xx_hal_flash_ex.c.obj
LOAD CMakeFiles/Eom_MPU6500_2.elf.dir/Drivers/STM32F4xx_HAL_Driver/Src/stm32f4xx_hal_flash_ramfunc.c.obj
LOAD CMakeFiles/Eom_MPU6500_2.elf.dir/Drivers/STM32F4xx_HAL_Driver/Src/stm32f4xx_hal_gpio.c.obj
LOAD CMakeFiles/Eom_MPU6500_2.elf.dir/Drivers/STM32F4xx_HAL_Driver/Src/stm32f4xx_hal_i2c.c.obj
LOAD CMakeFiles/Eom_MPU6500_2.elf.dir/Drivers/STM32F4xx_HAL_Driver/Src/stm32f4xx_hal_i2c_ex.c.obj
LOAD CMakeFiles/Eom_MPU6500_2.elf.dir/Drivers/STM32F4xx_HAL_Driver/Src/stm32f4xx_hal_pwr.c.obj
LOAD CMakeFiles/Eom_MPU6500_2.elf.dir/Drivers/STM32F4xx_HAL_Driver/Src/stm32f4xx_hal_pwr_ex.c.obj
LOAD CMakeFiles/Eom_MPU6500_2.elf.dir/Drivers/STM32F4xx_HAL_Driver/Src/stm32f4xx_hal_rcc.c.obj
LOAD CMakeFiles/Eom_MPU6500_2.elf.dir/Drivers/STM32F4xx_HAL_Driver/Src/stm32f4xx_hal_rcc_ex.c.obj
LOAD CMakeFiles/Eom_MPU6500_2.elf.dir/Drivers/STM32F4xx_HAL_Driver/Src/stm32f4xx_hal_tim.c.obj
LOAD CMakeFiles/Eom_MPU6500_2.elf.dir/Drivers/STM32F4xx_HAL_Driver/Src/stm32f4xx_hal_tim_ex.c.obj
LOAD CMakeFiles/Eom_MPU6500_2.elf.dir/Drivers/STM32F4xx_HAL_Driver/Src/stm32f4xx_hal_uart.c.obj
START GROUP
LOAD e:/gcc-arm-none-eabi-10.3-2021.10/bin/../lib/gcc/arm-none-eabi/10.3.1/thumb/v7e-m/nofp\libgcc.a
LOAD e:/gcc-arm-none-eabi-10.3-2021.10/bin/../lib/gcc/arm-none-eabi/10.3.1/../../../../arm-none-eabi/lib/thumb/v7e-m/nofp\libg.a
LOAD e:/gcc-arm-none-eabi-10.3-2021.10/bin/../lib/gcc/arm-none-eabi/10.3.1/../../../../arm-none-eabi/lib/thumb/v7e-m/nofp\libc.a
END GROUP
LOAD e:/gcc-arm-none-eabi-10.3-2021.10/bin/../lib/gcc/arm-none-eabi/10.3.1/thumb/v7e-m/nofp/crtend.o
LOAD e:/gcc-arm-none-eabi-10.3-2021.10/bin/../lib/gcc/arm-none-eabi/10.3.1/thumb/v7e-m/nofp/crtn.o
                0x20018000                _estack = (ORIGIN (RAM) + LENGTH (RAM))
                0x00000200                _Min_Heap_Size = 0x200
                0x00000400                _Min_Stack_Size = 0x400

.isr_vector     0x08000000      0x194
                0x08000000                . = ALIGN (0x4)
 *(.isr_vector)
 .isr_vector    0x08000000      0x194 CMakeFiles/Eom_MPU6500_2.elf.dir/Core/Startup/startup_stm32f401retx.s.obj
                0x08000000                g_pfnVectors
                0x08000194                . = ALIGN (0x4)

.text           0x080001c0     0xb42c
                0x080001c0                . = ALIGN (0x4)
 *(.text)
 .text          0x080001c0       0x40 e:/gcc-arm-none-eabi-10.3-2021.10/bin/../lib/gcc/arm-none-eabi/10.3.1/thumb/v7e-m/nofp/crtbegin.o
 .text          0x08000200      0x378 e:/gcc-arm-none-eabi-10.3-2021.10/bin/../lib/gcc/arm-none-eabi/10.3.1/thumb/v7e-m/nofp\libgcc.a(_arm_addsubdf3.o)
                0x08000200                __aeabi_drsub
                0x08000208                __aeabi_dsub
                0x08000208                __subdf3
                0x0800020c                __aeabi_dadd
                0x0800020c                __adddf3
                0x08000484                __floatunsidf
                0x08000484                __aeabi_ui2d
                0x080004a4                __floatsidf
                0x080004a4                __aeabi_i2d
                0x080004c8                __aeabi_f2d
                0x080004c8                __extendsfdf2
                0x0800050c                __floatundidf
                0x0800050c                __aeabi_ul2d
                0x0800051c                __floatdidf
                0x0800051c                __aeabi_l2d
 .text          0x08000578       0xa0 e:/gcc-arm-none-eabi-10.3-2021.10/bin/../lib/gcc/arm-none-eabi/10.3.1/thumb/v7e-m/nofp\libgcc.a(_arm_truncdfsf2.o)
                0x08000578                __truncdfsf2
                0x08000578                __aeabi_d2f
 .text          0x08000618      0x21c e:/gcc-arm-none-eabi-10.3-2021.10/bin/../lib/gcc/arm-none-eabi/10.3.1/thumb/v7e-m/nofp\libgcc.a(_arm_addsubsf3.o)
                0x08000618                __aeabi_frsub
                0x08000620                __subsf3
                0x08000620                __aeabi_fsub
                0x08000624                __aeabi_fadd
                0x08000624                __addsf3
                0x08000784                __aeabi_ui2f
                0x08000784                __floatunsisf
                0x0800078c                __aeabi_i2f
                0x0800078c                __floatsisf
                0x080007a8                __aeabi_ul2f
                0x080007a8                __floatundisf
                0x080007b8                __aeabi_l2f
                0x080007b8                __floatdisf
 .text          0x08000834      0x2a0 e:/gcc-arm-none-eabi-10.3-2021.10/bin/../lib/gcc/arm-none-eabi/10.3.1/thumb/v7e-m/nofp\libgcc.a(_arm_muldivsf3.o)
                0x08000834                __mulsf3
                0x08000834                __aeabi_fmul
                0x0800099c                __aeabi_fdiv
                0x0800099c                __divsf3
 .text          0x08000ad4       0xec e:/gcc-arm-none-eabi-10.3-2021.10/bin/../lib/gcc/arm-none-eabi/10.3.1/thumb/v7e-m/nofp\libgcc.a(_arm_cmpsf2.o)
                0x08000ad4                __gesf2
                0x08000ad4                __gtsf2
                0x08000adc                __lesf2
                0x08000adc                __ltsf2
                0x08000ae4                __nesf2
                0x08000ae4                __eqsf2
                0x08000ae4                __cmpsf2
                0x08000b44                __aeabi_cfrcmple
                0x08000b4c                __aeabi_cfcmpeq
                0x08000b4c                __aeabi_cfcmple
                0x08000b5c                __aeabi_fcmpeq
                0x08000b70                __aeabi_fcmplt
                0x08000b84                __aeabi_fcmple
                0x08000b98                __aeabi_fcmpge
                0x08000bac                __aeabi_fcmpgt
 .text          0x08000bc0       0x4c e:/gcc-arm-none-eabi-10.3-2021.10/bin/../lib/gcc/arm-none-eabi/10.3.1/thumb/v7e-m/nofp\libgcc.a(_arm_fixsfsi.o)
                0x08000bc0                __aeabi_f2iz
                0x08000bc0                __fixsfsi
 .text          0x08000c0c       0x40 e:/gcc-arm-none-eabi-10.3-2021.10/bin/../lib/gcc/arm-none-eabi/10.3.1/thumb/v7e-m/nofp\libgcc.a(_arm_fixunssfsi.o)
                0x08000c0c                __fixunssfsi
                0x08000c0c                __aeabi_f2uiz
 .text          0x08000c4c       0x30 e:/gcc-arm-none-eabi-10.3-2021.10/bin/../lib/gcc/arm-none-eabi/10.3.1/thumb/v7e-m/nofp\libgcc.a(_aeabi_uldivmod.o)
                0x08000c4c                __aeabi_uldivmod
 .text          0x08000c7c      0x2d0 e:/gcc-arm-none-eabi-10.3-2021.10/bin/../lib/gcc/arm-none-eabi/10.3.1/thumb/v7e-m/nofp\libgcc.a(_udivmoddi4.o)
                0x08000c7c                __udivmoddi4
 .text          0x08000f4c        0x4 e:/gcc-arm-none-eabi-10.3-2021.10/bin/../lib/gcc/arm-none-eabi/10.3.1/thumb/v7e-m/nofp\libgcc.a(_dvmd_tls.o)
                0x08000f4c                __aeabi_idiv0
                0x08000f4c                __aeabi_ldiv0
 .text          0x08000f50      0x134 e:/gcc-arm-none-eabi-10.3-2021.10/bin/../lib/gcc/arm-none-eabi/10.3.1/../../../../arm-none-eabi/lib/thumb/v7e-m/nofp\libg.a(lib_a-memcpy.o)
                0x08000f50                memcpy
 *fill*         0x08001084       0x3c 
 .text          0x080010c0       0xdc e:/gcc-arm-none-eabi-10.3-2021.10/bin/../lib/gcc/arm-none-eabi/10.3.1/../../../../arm-none-eabi/lib/thumb/v7e-m/nofp\libg.a(lib_a-strlen.o)
                0x080010c0                strlen
 *fill*         0x0800119c        0x4 
 .text          0x080011a0       0xa0 e:/gcc-arm-none-eabi-10.3-2021.10/bin/../lib/gcc/arm-none-eabi/10.3.1/../../../../arm-none-eabi/lib/thumb/v7e-m/nofp\libg.a(lib_a-memchr.o)
                0x080011a0                memchr
 .text          0x08001240      0x424 e:/gcc-arm-none-eabi-10.3-2021.10/bin/../lib/gcc/arm-none-eabi/10.3.1/thumb/v7e-m/nofp\libgcc.a(_arm_muldivdf3.o)
                0x08001240                __aeabi_dmul
                0x08001240                __muldf3
                0x08001494                __divdf3
                0x08001494                __aeabi_ddiv
 .text          0x08001664      0x110 e:/gcc-arm-none-eabi-10.3-2021.10/bin/../lib/gcc/arm-none-eabi/10.3.1/thumb/v7e-m/nofp\libgcc.a(_arm_cmpdf2.o)
                0x08001664                __gtdf2
                0x08001664                __gedf2
                0x0800166c                __ltdf2
                0x0800166c                __ledf2
                0x08001674                __nedf2
                0x08001674                __eqdf2
                0x08001674                __cmpdf2
                0x080016f0                __aeabi_cdrcmple
                0x08001700                __aeabi_cdcmpeq
                0x08001700                __aeabi_cdcmple
                0x08001710                __aeabi_dcmpeq
                0x08001724                __aeabi_dcmplt
                0x08001738                __aeabi_dcmple
                0x0800174c                __aeabi_dcmpge
                0x08001760                __aeabi_dcmpgt
 .text          0x08001774       0x2c e:/gcc-arm-none-eabi-10.3-2021.10/bin/../lib/gcc/arm-none-eabi/10.3.1/thumb/v7e-m/nofp\libgcc.a(_arm_unorddf2.o)
                0x08001774                __unorddf2
                0x08001774                __aeabi_dcmpun
 .text          0x080017a0       0x50 e:/gcc-arm-none-eabi-10.3-2021.10/bin/../lib/gcc/arm-none-eabi/10.3.1/thumb/v7e-m/nofp\libgcc.a(_arm_fixdfsi.o)
                0x080017a0                __aeabi_d2iz
                0x080017a0                __fixdfsi
 *(.text*)
 .text.mpu6500_read_accel_raw
                0x080017f0       0x68 CMakeFiles/Eom_MPU6500_2.elf.dir/Core/Src/MPU6500.c.obj
                0x080017f0                mpu6500_read_accel_raw
 .text.mpu6500_read_gyro_raw
                0x08001858       0x68 CMakeFiles/Eom_MPU6500_2.elf.dir/Core/Src/MPU6500.c.obj
                0x08001858                mpu6500_read_gyro_raw
 .text.mpu6500_write_byte
                0x080018c0       0x40 CMakeFiles/Eom_MPU6500_2.elf.dir/Core/Src/MPU6500.c.obj
                0x080018c0                mpu6500_write_byte
 .text.mpu6500_read_byte
                0x08001900       0x44 CMakeFiles/Eom_MPU6500_2.elf.dir/Core/Src/MPU6500.c.obj
                0x08001900                mpu6500_read_byte
 .text.mpu6500_init
                0x08001944       0xc0 CMakeFiles/Eom_MPU6500_2.elf.dir/Core/Src/MPU6500.c.obj
                0x08001944                mpu6500_init
 .text.hc05_init
                0x08001a04       0x38 CMakeFiles/Eom_MPU6500_2.elf.dir/Core/Src/bluetooth_hc05.c.obj
                0x08001a04                hc05_init
 .text.hc05_is_data_received
                0x08001a3c        0xc CMakeFiles/Eom_MPU6500_2.elf.dir/Core/Src/bluetooth_hc05.c.obj
                0x08001a3c                hc05_is_data_received
 .text.hc05_get_received_data
                0x08001a48       0x68 CMakeFiles/Eom_MPU6500_2.elf.dir/Core/Src/bluetooth_hc05.c.obj
                0x08001a48                hc05_get_received_data
 .text.hc05_transmit_data
                0x08001ab0       0x24 CMakeFiles/Eom_MPU6500_2.elf.dir/Core/Src/bluetooth_hc05.c.obj
                0x08001ab0                hc05_transmit_data
 .text.hc05_uart_rx_callback_handler
                0x08001ad4       0x94 CMakeFiles/Eom_MPU6500_2.elf.dir/Core/Src/bluetooth_hc05.c.obj
                0x08001ad4                hc05_uart_rx_callback_handler
 .text.MX_GPIO_Init
                0x08001b68      0x110 CMakeFiles/Eom_MPU6500_2.elf.dir/Core/Src/gpio.c.obj
                0x08001b68                MX_GPIO_Init
 .text.MX_I2C1_Init
                0x08001c78       0x3c CMakeFiles/Eom_MPU6500_2.elf.dir/Core/Src/i2c.c.obj
                0x08001c78                MX_I2C1_Init
 .text.MX_I2C2_Init
                0x08001cb4       0x3c CMakeFiles/Eom_MPU6500_2.elf.dir/Core/Src/i2c.c.obj
                0x08001cb4                MX_I2C2_Init
 .text.HAL_I2C_MspInit
                0x08001cf0       0xf4 CMakeFiles/Eom_MPU6500_2.elf.dir/Core/Src/i2c.c.obj
                0x08001cf0                HAL_I2C_MspInit
 .text.__io_putchar
                0x08001de4       0x20 CMakeFiles/Eom_MPU6500_2.elf.dir/Core/Src/main.c.obj
                0x08001de4                __io_putchar
 .text.HAL_UART_RxCpltCallback
                0x08001e04        0x8 CMakeFiles/Eom_MPU6500_2.elf.dir/Core/Src/main.c.obj
                0x08001e04                HAL_UART_RxCpltCallback
 .text.Error_Handler
                0x08001e0c       0x14 CMakeFiles/Eom_MPU6500_2.elf.dir/Core/Src/main.c.obj
                0x08001e0c                Error_Handler
 .text.SystemClock_Config
                0x08001e20       0xa8 CMakeFiles/Eom_MPU6500_2.elf.dir/Core/Src/main.c.obj
                0x08001e20                SystemClock_Config
 .text.main     0x08001ec8      0x164 CMakeFiles/Eom_MPU6500_2.elf.dir/Core/Src/main.c.obj
                0x08001ec8                main
 .text.Motor_SetSpeed
                0x0800202c       0xc4 CMakeFiles/Eom_MPU6500_2.elf.dir/Core/Src/motor.c.obj
                0x0800202c                Motor_SetSpeed
 .text.Car_Move
                0x080020f0       0x16 CMakeFiles/Eom_MPU6500_2.elf.dir/Core/Src/motor.c.obj
                0x080020f0                Car_Move
 .text.ssd1306_WriteCommand
                0x08002106       0x2a CMakeFiles/Eom_MPU6500_2.elf.dir/Core/Src/ssd1306.c.obj
 .text.ssd1306_WriteData
                0x08002130       0x24 CMakeFiles/Eom_MPU6500_2.elf.dir/Core/Src/ssd1306.c.obj
 .text.ssd1306_Fill
                0x08002154       0x18 CMakeFiles/Eom_MPU6500_2.elf.dir/Core/Src/ssd1306.c.obj
                0x08002154                ssd1306_Fill
 .text.ssd1306_UpdateScreen
                0x0800216c       0x7c CMakeFiles/Eom_MPU6500_2.elf.dir/Core/Src/ssd1306.c.obj
                0x0800216c                ssd1306_UpdateScreen
 .text.ssd1306_Init
                0x080021e8      0x198 CMakeFiles/Eom_MPU6500_2.elf.dir/Core/Src/ssd1306.c.obj
                0x080021e8                ssd1306_Init
 .text.ssd1306_DrawPixel
                0x08002380       0x4c CMakeFiles/Eom_MPU6500_2.elf.dir/Core/Src/ssd1306.c.obj
                0x08002380                ssd1306_DrawPixel
 .text.ssd1306_SetCursor
                0x080023cc       0x18 CMakeFiles/Eom_MPU6500_2.elf.dir/Core/Src/ssd1306.c.obj
                0x080023cc                ssd1306_SetCursor
 .text.ssd1306_WriteChar
                0x080023e4       0xb4 CMakeFiles/Eom_MPU6500_2.elf.dir/Core/Src/ssd1306.c.obj
                0x080023e4                ssd1306_WriteChar
 .text.ssd1306_WriteString
                0x08002498       0x60 CMakeFiles/Eom_MPU6500_2.elf.dir/Core/Src/ssd1306.c.obj
                0x08002498                ssd1306_WriteString
 .text.HAL_MspInit
                0x080024f8       0x38 CMakeFiles/Eom_MPU6500_2.elf.dir/Core/Src/stm32f4xx_hal_msp.c.obj
                0x080024f8                HAL_MspInit
 .text.NMI_Handler
                0x08002530        0x2 CMakeFiles/Eom_MPU6500_2.elf.dir/Core/Src/stm32f4xx_it.c.obj
                0x08002530                NMI_Handler
 .text.HardFault_Handler
                0x08002532        0x2 CMakeFiles/Eom_MPU6500_2.elf.dir/Core/Src/stm32f4xx_it.c.obj
                0x08002532                HardFault_Handler
 .text.MemManage_Handler
                0x08002534        0x2 CMakeFiles/Eom_MPU6500_2.elf.dir/Core/Src/stm32f4xx_it.c.obj
                0x08002534                MemManage_Handler
 .text.BusFault_Handler
                0x08002536        0x2 CMakeFiles/Eom_MPU6500_2.elf.dir/Core/Src/stm32f4xx_it.c.obj
                0x08002536                BusFault_Handler
 .text.UsageFault_Handler
                0x08002538        0x2 CMakeFiles/Eom_MPU6500_2.elf.dir/Core/Src/stm32f4xx_it.c.obj
                0x08002538                UsageFault_Handler
 .text.SVC_Handler
                0x0800253a        0x2 CMakeFiles/Eom_MPU6500_2.elf.dir/Core/Src/stm32f4xx_it.c.obj
                0x0800253a                SVC_Handler
 .text.DebugMon_Handler
                0x0800253c        0x2 CMakeFiles/Eom_MPU6500_2.elf.dir/Core/Src/stm32f4xx_it.c.obj
                0x0800253c                DebugMon_Handler
 .text.PendSV_Handler
                0x0800253e        0x2 CMakeFiles/Eom_MPU6500_2.elf.dir/Core/Src/stm32f4xx_it.c.obj
                0x0800253e                PendSV_Handler
 .text.SysTick_Handler
                0x08002540        0x8 CMakeFiles/Eom_MPU6500_2.elf.dir/Core/Src/stm32f4xx_it.c.obj
                0x08002540                SysTick_Handler
 .text.TIM5_IRQHandler
                0x08002548      0x1f4 CMakeFiles/Eom_MPU6500_2.elf.dir/Core/Src/stm32f4xx_it.c.obj
                0x08002548                TIM5_IRQHandler
 .text.USART6_IRQHandler
                0x0800273c       0x10 CMakeFiles/Eom_MPU6500_2.elf.dir/Core/Src/stm32f4xx_it.c.obj
                0x0800273c                USART6_IRQHandler
 .text._getpid  0x0800274c        0x4 CMakeFiles/Eom_MPU6500_2.elf.dir/Core/Src/syscalls.c.obj
                0x0800274c                _getpid
 .text._kill    0x08002750       0x10 CMakeFiles/Eom_MPU6500_2.elf.dir/Core/Src/syscalls.c.obj
                0x08002750                _kill
 .text._exit    0x08002760        0xc CMakeFiles/Eom_MPU6500_2.elf.dir/Core/Src/syscalls.c.obj
                0x08002760                _exit
 .text._read    0x0800276c       0x20 CMakeFiles/Eom_MPU6500_2.elf.dir/Core/Src/syscalls.c.obj
                0x0800276c                _read
 .text._write   0x0800278c       0x1c CMakeFiles/Eom_MPU6500_2.elf.dir/Core/Src/syscalls.c.obj
                0x0800278c                _write
 .text._close   0x080027a8        0x6 CMakeFiles/Eom_MPU6500_2.elf.dir/Core/Src/syscalls.c.obj
                0x080027a8                _close
 .text._fstat   0x080027ae        0xa CMakeFiles/Eom_MPU6500_2.elf.dir/Core/Src/syscalls.c.obj
                0x080027ae                _fstat
 .text._isatty  0x080027b8        0x4 CMakeFiles/Eom_MPU6500_2.elf.dir/Core/Src/syscalls.c.obj
                0x080027b8                _isatty
 .text._lseek   0x080027bc        0x4 CMakeFiles/Eom_MPU6500_2.elf.dir/Core/Src/syscalls.c.obj
                0x080027bc                _lseek
 .text._sbrk    0x080027c0       0x48 CMakeFiles/Eom_MPU6500_2.elf.dir/Core/Src/sysmem.c.obj
                0x080027c0                _sbrk
 .text.SystemInit
                0x08002808        0x2 CMakeFiles/Eom_MPU6500_2.elf.dir/Core/Src/system_stm32f4xx.c.obj
                0x08002808                SystemInit
 *fill*         0x0800280a        0x2 
 .text.MX_TIM3_Init
                0x0800280c       0x6c CMakeFiles/Eom_MPU6500_2.elf.dir/Core/Src/tim.c.obj
                0x0800280c                MX_TIM3_Init
 .text.MX_TIM5_Init
                0x08002878       0x70 CMakeFiles/Eom_MPU6500_2.elf.dir/Core/Src/tim.c.obj
                0x08002878                MX_TIM5_Init
 .text.HAL_TIM_Base_MspInit
                0x080028e8       0x8c CMakeFiles/Eom_MPU6500_2.elf.dir/Core/Src/tim.c.obj
                0x080028e8                HAL_TIM_Base_MspInit
 .text.HAL_TIM_MspPostInit
                0x08002974       0x5c CMakeFiles/Eom_MPU6500_2.elf.dir/Core/Src/tim.c.obj
                0x08002974                HAL_TIM_MspPostInit
 .text.MX_TIM1_Init
                0x080029d0      0x128 CMakeFiles/Eom_MPU6500_2.elf.dir/Core/Src/tim.c.obj
                0x080029d0                MX_TIM1_Init
 .text.MX_USART2_UART_Init
                0x08002af8       0x34 CMakeFiles/Eom_MPU6500_2.elf.dir/Core/Src/usart.c.obj
                0x08002af8                MX_USART2_UART_Init
 .text.MX_USART6_UART_Init
                0x08002b2c       0x34 CMakeFiles/Eom_MPU6500_2.elf.dir/Core/Src/usart.c.obj
                0x08002b2c                MX_USART6_UART_Init
 .text.HAL_UART_MspInit
                0x08002b60       0xd4 CMakeFiles/Eom_MPU6500_2.elf.dir/Core/Src/usart.c.obj
                0x08002b60                HAL_UART_MspInit
 .text.Reset_Handler
                0x08002c34       0x50 CMakeFiles/Eom_MPU6500_2.elf.dir/Core/Startup/startup_stm32f401retx.s.obj
                0x08002c34                Reset_Handler
 .text.Default_Handler
                0x08002c84        0x2 CMakeFiles/Eom_MPU6500_2.elf.dir/Core/Startup/startup_stm32f401retx.s.obj
                0x08002c84                RTC_Alarm_IRQHandler
                0x08002c84                EXTI2_IRQHandler
                0x08002c84                SPI4_IRQHandler
                0x08002c84                TIM1_CC_IRQHandler
                0x08002c84                DMA2_Stream5_IRQHandler
                0x08002c84                DMA1_Stream5_IRQHandler
                0x08002c84                PVD_IRQHandler
                0x08002c84                SDIO_IRQHandler
                0x08002c84                TAMP_STAMP_IRQHandler
                0x08002c84                EXTI3_IRQHandler
                0x08002c84                TIM1_UP_TIM10_IRQHandler
                0x08002c84                I2C3_ER_IRQHandler
                0x08002c84                EXTI0_IRQHandler
                0x08002c84                I2C2_EV_IRQHandler
                0x08002c84                DMA1_Stream2_IRQHandler
                0x08002c84                FPU_IRQHandler
                0x08002c84                DMA2_Stream2_IRQHandler
                0x08002c84                SPI1_IRQHandler
                0x08002c84                TIM1_BRK_TIM9_IRQHandler
                0x08002c84                DMA2_Stream3_IRQHandler
                0x08002c84                DMA2_Stream0_IRQHandler
                0x08002c84                TIM4_IRQHandler
                0x08002c84                I2C1_EV_IRQHandler
                0x08002c84                DMA1_Stream6_IRQHandler
                0x08002c84                DMA1_Stream1_IRQHandler
                0x08002c84                TIM3_IRQHandler
                0x08002c84                RCC_IRQHandler
                0x08002c84                Default_Handler
                0x08002c84                EXTI15_10_IRQHandler
                0x08002c84                ADC_IRQHandler
                0x08002c84                DMA1_Stream7_IRQHandler
                0x08002c84                DMA2_Stream7_IRQHandler
                0x08002c84                I2C3_EV_IRQHandler
                0x08002c84                EXTI9_5_IRQHandler
                0x08002c84                RTC_WKUP_IRQHandler
                0x08002c84                SPI2_IRQHandler
                0x08002c84                DMA1_Stream0_IRQHandler
                0x08002c84                EXTI4_IRQHandler
                0x08002c84                WWDG_IRQHandler
                0x08002c84                TIM2_IRQHandler
                0x08002c84                OTG_FS_WKUP_IRQHandler
                0x08002c84                TIM1_TRG_COM_TIM11_IRQHandler
                0x08002c84                EXTI1_IRQHandler
                0x08002c84                USART2_IRQHandler
                0x08002c84                I2C2_ER_IRQHandler
                0x08002c84                DMA2_Stream1_IRQHandler
                0x08002c84                FLASH_IRQHandler
                0x08002c84                DMA2_Stream4_IRQHandler
                0x08002c84                USART1_IRQHandler
                0x08002c84                OTG_FS_IRQHandler
                0x08002c84                SPI3_IRQHandler
                0x08002c84                DMA1_Stream4_IRQHandler
                0x08002c84                I2C1_ER_IRQHandler
                0x08002c84                DMA2_Stream6_IRQHandler
                0x08002c84                DMA1_Stream3_IRQHandler
 *fill*         0x08002c86        0x2 
 .text.HAL_InitTick
                0x08002c88       0x4c CMakeFiles/Eom_MPU6500_2.elf.dir/Drivers/STM32F4xx_HAL_Driver/Src/stm32f4xx_hal.c.obj
                0x08002c88                HAL_InitTick
 .text.HAL_Init
                0x08002cd4       0x34 CMakeFiles/Eom_MPU6500_2.elf.dir/Drivers/STM32F4xx_HAL_Driver/Src/stm32f4xx_hal.c.obj
                0x08002cd4                HAL_Init
 .text.HAL_IncTick
                0x08002d08       0x18 CMakeFiles/Eom_MPU6500_2.elf.dir/Drivers/STM32F4xx_HAL_Driver/Src/stm32f4xx_hal.c.obj
                0x08002d08                HAL_IncTick
 .text.HAL_GetTick
                0x08002d20        0xc CMakeFiles/Eom_MPU6500_2.elf.dir/Drivers/STM32F4xx_HAL_Driver/Src/stm32f4xx_hal.c.obj
                0x08002d20                HAL_GetTick
 .text.HAL_Delay
                0x08002d2c       0x28 CMakeFiles/Eom_MPU6500_2.elf.dir/Drivers/STM32F4xx_HAL_Driver/Src/stm32f4xx_hal.c.obj
                0x08002d2c                HAL_Delay
 .text.HAL_NVIC_SetPriorityGrouping
                0x08002d54       0x24 CMakeFiles/Eom_MPU6500_2.elf.dir/Drivers/STM32F4xx_HAL_Driver/Src/stm32f4xx_hal_cortex.c.obj
                0x08002d54                HAL_NVIC_SetPriorityGrouping
 .text.HAL_NVIC_SetPriority
                0x08002d78       0x70 CMakeFiles/Eom_MPU6500_2.elf.dir/Drivers/STM32F4xx_HAL_Driver/Src/stm32f4xx_hal_cortex.c.obj
                0x08002d78                HAL_NVIC_SetPriority
 .text.HAL_NVIC_EnableIRQ
                0x08002de8       0x1c CMakeFiles/Eom_MPU6500_2.elf.dir/Drivers/STM32F4xx_HAL_Driver/Src/stm32f4xx_hal_cortex.c.obj
                0x08002de8                HAL_NVIC_EnableIRQ
 .text.HAL_NVIC_DisableIRQ
                0x08002e04       0x24 CMakeFiles/Eom_MPU6500_2.elf.dir/Drivers/STM32F4xx_HAL_Driver/Src/stm32f4xx_hal_cortex.c.obj
                0x08002e04                HAL_NVIC_DisableIRQ
 .text.HAL_SYSTICK_Config
                0x08002e28       0x28 CMakeFiles/Eom_MPU6500_2.elf.dir/Drivers/STM32F4xx_HAL_Driver/Src/stm32f4xx_hal_cortex.c.obj
                0x08002e28                HAL_SYSTICK_Config
 .text.HAL_DMA_Abort
                0x08002e50       0x94 CMakeFiles/Eom_MPU6500_2.elf.dir/Drivers/STM32F4xx_HAL_Driver/Src/stm32f4xx_hal_dma.c.obj
                0x08002e50                HAL_DMA_Abort
 .text.HAL_DMA_Abort_IT
                0x08002ee4       0x26 CMakeFiles/Eom_MPU6500_2.elf.dir/Drivers/STM32F4xx_HAL_Driver/Src/stm32f4xx_hal_dma.c.obj
                0x08002ee4                HAL_DMA_Abort_IT
 *fill*         0x08002f0a        0x2 
 .text.HAL_GPIO_Init
                0x08002f0c      0x1c0 CMakeFiles/Eom_MPU6500_2.elf.dir/Drivers/STM32F4xx_HAL_Driver/Src/stm32f4xx_hal_gpio.c.obj
                0x08002f0c                HAL_GPIO_Init
 .text.HAL_GPIO_WritePin
                0x080030cc        0xc CMakeFiles/Eom_MPU6500_2.elf.dir/Drivers/STM32F4xx_HAL_Driver/Src/stm32f4xx_hal_gpio.c.obj
                0x080030cc                HAL_GPIO_WritePin
 .text.HAL_GPIO_TogglePin
                0x080030d8       0x12 CMakeFiles/Eom_MPU6500_2.elf.dir/Drivers/STM32F4xx_HAL_Driver/Src/stm32f4xx_hal_gpio.c.obj
                0x080030d8                HAL_GPIO_TogglePin
 .text.I2C_IsAcknowledgeFailed
                0x080030ea       0x32 CMakeFiles/Eom_MPU6500_2.elf.dir/Drivers/STM32F4xx_HAL_Driver/Src/stm32f4xx_hal_i2c.c.obj
 .text.I2C_WaitOnFlagUntilTimeout
                0x0800311c       0xaa CMakeFiles/Eom_MPU6500_2.elf.dir/Drivers/STM32F4xx_HAL_Driver/Src/stm32f4xx_hal_i2c.c.obj
 .text.I2C_WaitOnMasterAddressFlagUntilTimeout
                0x080031c6       0xd6 CMakeFiles/Eom_MPU6500_2.elf.dir/Drivers/STM32F4xx_HAL_Driver/Src/stm32f4xx_hal_i2c.c.obj
 .text.I2C_WaitOnTXEFlagUntilTimeout
                0x0800329c       0x5e CMakeFiles/Eom_MPU6500_2.elf.dir/Drivers/STM32F4xx_HAL_Driver/Src/stm32f4xx_hal_i2c.c.obj
 *fill*         0x080032fa        0x2 
 .text.I2C_RequestMemoryWrite
                0x080032fc       0xd8 CMakeFiles/Eom_MPU6500_2.elf.dir/Drivers/STM32F4xx_HAL_Driver/Src/stm32f4xx_hal_i2c.c.obj
 .text.I2C_RequestMemoryRead
                0x080033d4      0x154 CMakeFiles/Eom_MPU6500_2.elf.dir/Drivers/STM32F4xx_HAL_Driver/Src/stm32f4xx_hal_i2c.c.obj
 .text.I2C_WaitOnBTFFlagUntilTimeout
                0x08003528       0x5e CMakeFiles/Eom_MPU6500_2.elf.dir/Drivers/STM32F4xx_HAL_Driver/Src/stm32f4xx_hal_i2c.c.obj
 .text.I2C_WaitOnRXNEFlagUntilTimeout
                0x08003586       0x78 CMakeFiles/Eom_MPU6500_2.elf.dir/Drivers/STM32F4xx_HAL_Driver/Src/stm32f4xx_hal_i2c.c.obj
 *fill*         0x080035fe        0x2 
 .text.HAL_I2C_Init
                0x08003600      0x1bc CMakeFiles/Eom_MPU6500_2.elf.dir/Drivers/STM32F4xx_HAL_Driver/Src/stm32f4xx_hal_i2c.c.obj
                0x08003600                HAL_I2C_Init
 .text.HAL_I2C_Mem_Write
                0x080037bc      0x164 CMakeFiles/Eom_MPU6500_2.elf.dir/Drivers/STM32F4xx_HAL_Driver/Src/stm32f4xx_hal_i2c.c.obj
                0x080037bc                HAL_I2C_Mem_Write
 .text.HAL_I2C_Mem_Read
                0x08003920      0x2f8 CMakeFiles/Eom_MPU6500_2.elf.dir/Drivers/STM32F4xx_HAL_Driver/Src/stm32f4xx_hal_i2c.c.obj
                0x08003920                HAL_I2C_Mem_Read
 .text.HAL_I2C_IsDeviceReady
                0x08003c18      0x194 CMakeFiles/Eom_MPU6500_2.elf.dir/Drivers/STM32F4xx_HAL_Driver/Src/stm32f4xx_hal_i2c.c.obj
                0x08003c18                HAL_I2C_IsDeviceReady
 .text.HAL_RCC_OscConfig
                0x08003dac      0x3f8 CMakeFiles/Eom_MPU6500_2.elf.dir/Drivers/STM32F4xx_HAL_Driver/Src/stm32f4xx_hal_rcc.c.obj
                0x08003dac                HAL_RCC_OscConfig
 .text.HAL_RCC_GetSysClockFreq
                0x080041a4       0xd4 CMakeFiles/Eom_MPU6500_2.elf.dir/Drivers/STM32F4xx_HAL_Driver/Src/stm32f4xx_hal_rcc.c.obj
                0x080041a4                HAL_RCC_GetSysClockFreq
 .text.HAL_RCC_ClockConfig
                0x08004278      0x160 CMakeFiles/Eom_MPU6500_2.elf.dir/Drivers/STM32F4xx_HAL_Driver/Src/stm32f4xx_hal_rcc.c.obj
                0x08004278                HAL_RCC_ClockConfig
 .text.HAL_RCC_GetHCLKFreq
                0x080043d8        0xc CMakeFiles/Eom_MPU6500_2.elf.dir/Drivers/STM32F4xx_HAL_Driver/Src/stm32f4xx_hal_rcc.c.obj
                0x080043d8                HAL_RCC_GetHCLKFreq
 .text.HAL_RCC_GetPCLK1Freq
                0x080043e4       0x20 CMakeFiles/Eom_MPU6500_2.elf.dir/Drivers/STM32F4xx_HAL_Driver/Src/stm32f4xx_hal_rcc.c.obj
                0x080043e4                HAL_RCC_GetPCLK1Freq
 .text.HAL_RCC_GetPCLK2Freq
                0x08004404       0x20 CMakeFiles/Eom_MPU6500_2.elf.dir/Drivers/STM32F4xx_HAL_Driver/Src/stm32f4xx_hal_rcc.c.obj
                0x08004404                HAL_RCC_GetPCLK2Freq
 .text.TIM_OC1_SetConfig
                0x08004424       0x5c CMakeFiles/Eom_MPU6500_2.elf.dir/Drivers/STM32F4xx_HAL_Driver/Src/stm32f4xx_hal_tim.c.obj
 .text.TIM_OC3_SetConfig
                0x08004480       0x64 CMakeFiles/Eom_MPU6500_2.elf.dir/Drivers/STM32F4xx_HAL_Driver/Src/stm32f4xx_hal_tim.c.obj
 .text.TIM_OC4_SetConfig
                0x080044e4       0x48 CMakeFiles/Eom_MPU6500_2.elf.dir/Drivers/STM32F4xx_HAL_Driver/Src/stm32f4xx_hal_tim.c.obj
 .text.TIM_TI1_ConfigInputStage
                0x0800452c       0x24 CMakeFiles/Eom_MPU6500_2.elf.dir/Drivers/STM32F4xx_HAL_Driver/Src/stm32f4xx_hal_tim.c.obj
 .text.TIM_TI2_ConfigInputStage
                0x08004550       0x26 CMakeFiles/Eom_MPU6500_2.elf.dir/Drivers/STM32F4xx_HAL_Driver/Src/stm32f4xx_hal_tim.c.obj
 .text.TIM_ITRx_SetConfig
                0x08004576       0x10 CMakeFiles/Eom_MPU6500_2.elf.dir/Drivers/STM32F4xx_HAL_Driver/Src/stm32f4xx_hal_tim.c.obj
 .text.HAL_TIM_PWM_MspInit
                0x08004586        0x2 CMakeFiles/Eom_MPU6500_2.elf.dir/Drivers/STM32F4xx_HAL_Driver/Src/stm32f4xx_hal_tim.c.obj
                0x08004586                HAL_TIM_PWM_MspInit
 .text.HAL_TIM_PeriodElapsedCallback
                0x08004588        0x2 CMakeFiles/Eom_MPU6500_2.elf.dir/Drivers/STM32F4xx_HAL_Driver/Src/stm32f4xx_hal_tim.c.obj
                0x08004588                HAL_TIM_PeriodElapsedCallback
 .text.HAL_TIM_OC_DelayElapsedCallback
                0x0800458a        0x2 CMakeFiles/Eom_MPU6500_2.elf.dir/Drivers/STM32F4xx_HAL_Driver/Src/stm32f4xx_hal_tim.c.obj
                0x0800458a                HAL_TIM_OC_DelayElapsedCallback
 .text.HAL_TIM_IC_CaptureCallback
                0x0800458c        0x2 CMakeFiles/Eom_MPU6500_2.elf.dir/Drivers/STM32F4xx_HAL_Driver/Src/stm32f4xx_hal_tim.c.obj
                0x0800458c                HAL_TIM_IC_CaptureCallback
 .text.HAL_TIM_PWM_PulseFinishedCallback
                0x0800458e        0x2 CMakeFiles/Eom_MPU6500_2.elf.dir/Drivers/STM32F4xx_HAL_Driver/Src/stm32f4xx_hal_tim.c.obj
                0x0800458e                HAL_TIM_PWM_PulseFinishedCallback
 .text.HAL_TIM_TriggerCallback
                0x08004590        0x2 CMakeFiles/Eom_MPU6500_2.elf.dir/Drivers/STM32F4xx_HAL_Driver/Src/stm32f4xx_hal_tim.c.obj
                0x08004590                HAL_TIM_TriggerCallback
 .text.HAL_TIM_IRQHandler
                0x08004592      0x15e CMakeFiles/Eom_MPU6500_2.elf.dir/Drivers/STM32F4xx_HAL_Driver/Src/stm32f4xx_hal_tim.c.obj
                0x08004592                HAL_TIM_IRQHandler
 .text.TIM_Base_SetConfig
                0x080046f0       0xac CMakeFiles/Eom_MPU6500_2.elf.dir/Drivers/STM32F4xx_HAL_Driver/Src/stm32f4xx_hal_tim.c.obj
                0x080046f0                TIM_Base_SetConfig
 .text.HAL_TIM_Base_Init
                0x0800479c       0x58 CMakeFiles/Eom_MPU6500_2.elf.dir/Drivers/STM32F4xx_HAL_Driver/Src/stm32f4xx_hal_tim.c.obj
                0x0800479c                HAL_TIM_Base_Init
 .text.HAL_TIM_PWM_Init
                0x080047f4       0x58 CMakeFiles/Eom_MPU6500_2.elf.dir/Drivers/STM32F4xx_HAL_Driver/Src/stm32f4xx_hal_tim.c.obj
                0x080047f4                HAL_TIM_PWM_Init
 .text.TIM_OC2_SetConfig
                0x0800484c       0x64 CMakeFiles/Eom_MPU6500_2.elf.dir/Drivers/STM32F4xx_HAL_Driver/Src/stm32f4xx_hal_tim.c.obj
                0x0800484c                TIM_OC2_SetConfig
 .text.HAL_TIM_PWM_ConfigChannel
                0x080048b0       0xdc CMakeFiles/Eom_MPU6500_2.elf.dir/Drivers/STM32F4xx_HAL_Driver/Src/stm32f4xx_hal_tim.c.obj
                0x080048b0                HAL_TIM_PWM_ConfigChannel
 .text.TIM_ETR_SetConfig
                0x0800498c       0x18 CMakeFiles/Eom_MPU6500_2.elf.dir/Drivers/STM32F4xx_HAL_Driver/Src/stm32f4xx_hal_tim.c.obj
                0x0800498c                TIM_ETR_SetConfig
 .text.HAL_TIM_ConfigClockSource
                0x080049a4       0xfe CMakeFiles/Eom_MPU6500_2.elf.dir/Drivers/STM32F4xx_HAL_Driver/Src/stm32f4xx_hal_tim.c.obj
                0x080049a4                HAL_TIM_ConfigClockSource
 *fill*         0x08004aa2        0x2 
 .text.HAL_TIMEx_MasterConfigSynchronization
                0x08004aa4       0x7c CMakeFiles/Eom_MPU6500_2.elf.dir/Drivers/STM32F4xx_HAL_Driver/Src/stm32f4xx_hal_tim_ex.c.obj
                0x08004aa4                HAL_TIMEx_MasterConfigSynchronization
 .text.HAL_TIMEx_ConfigBreakDeadTime
                0x08004b20       0x52 CMakeFiles/Eom_MPU6500_2.elf.dir/Drivers/STM32F4xx_HAL_Driver/Src/stm32f4xx_hal_tim_ex.c.obj
                0x08004b20                HAL_TIMEx_ConfigBreakDeadTime
 .text.HAL_TIMEx_CommutCallback
                0x08004b72        0x2 CMakeFiles/Eom_MPU6500_2.elf.dir/Drivers/STM32F4xx_HAL_Driver/Src/stm32f4xx_hal_tim_ex.c.obj
                0x08004b72                HAL_TIMEx_CommutCallback
 .text.HAL_TIMEx_BreakCallback
                0x08004b74        0x2 CMakeFiles/Eom_MPU6500_2.elf.dir/Drivers/STM32F4xx_HAL_Driver/Src/stm32f4xx_hal_tim_ex.c.obj
                0x08004b74                HAL_TIMEx_BreakCallback
 .text.UART_EndRxTransfer
                0x08004b76       0x5c CMakeFiles/Eom_MPU6500_2.elf.dir/Drivers/STM32F4xx_HAL_Driver/Src/stm32f4xx_hal_uart.c.obj
 .text.UART_Transmit_IT
                0x08004bd2       0x60 CMakeFiles/Eom_MPU6500_2.elf.dir/Drivers/STM32F4xx_HAL_Driver/Src/stm32f4xx_hal_uart.c.obj
 *fill*         0x08004c32        0x2 
 .text.UART_SetConfig
                0x08004c34      0x110 CMakeFiles/Eom_MPU6500_2.elf.dir/Drivers/STM32F4xx_HAL_Driver/Src/stm32f4xx_hal_uart.c.obj
 .text.UART_WaitOnFlagUntilTimeout
                0x08004d44       0x8a CMakeFiles/Eom_MPU6500_2.elf.dir/Drivers/STM32F4xx_HAL_Driver/Src/stm32f4xx_hal_uart.c.obj
 .text.HAL_UART_Init
                0x08004dce       0x60 CMakeFiles/Eom_MPU6500_2.elf.dir/Drivers/STM32F4xx_HAL_Driver/Src/stm32f4xx_hal_uart.c.obj
                0x08004dce                HAL_UART_Init
 .text.HAL_UART_Transmit
                0x08004e2e       0xcc CMakeFiles/Eom_MPU6500_2.elf.dir/Drivers/STM32F4xx_HAL_Driver/Src/stm32f4xx_hal_uart.c.obj
                0x08004e2e                HAL_UART_Transmit
 .text.HAL_UART_TxCpltCallback
                0x08004efa        0x2 CMakeFiles/Eom_MPU6500_2.elf.dir/Drivers/STM32F4xx_HAL_Driver/Src/stm32f4xx_hal_uart.c.obj
                0x08004efa                HAL_UART_TxCpltCallback
 .text.UART_EndTransmit_IT
                0x08004efc       0x1a CMakeFiles/Eom_MPU6500_2.elf.dir/Drivers/STM32F4xx_HAL_Driver/Src/stm32f4xx_hal_uart.c.obj
 .text.HAL_UART_ErrorCallback
                0x08004f16        0x2 CMakeFiles/Eom_MPU6500_2.elf.dir/Drivers/STM32F4xx_HAL_Driver/Src/stm32f4xx_hal_uart.c.obj
                0x08004f16                HAL_UART_ErrorCallback
 .text.UART_DMAAbortOnError
                0x08004f18       0x10 CMakeFiles/Eom_MPU6500_2.elf.dir/Drivers/STM32F4xx_HAL_Driver/Src/stm32f4xx_hal_uart.c.obj
 .text.HAL_UARTEx_RxEventCallback
                0x08004f28        0x2 CMakeFiles/Eom_MPU6500_2.elf.dir/Drivers/STM32F4xx_HAL_Driver/Src/stm32f4xx_hal_uart.c.obj
                0x08004f28                HAL_UARTEx_RxEventCallback
 .text.UART_Receive_IT
                0x08004f2a       0xe6 CMakeFiles/Eom_MPU6500_2.elf.dir/Drivers/STM32F4xx_HAL_Driver/Src/stm32f4xx_hal_uart.c.obj
 .text.HAL_UART_IRQHandler
                0x08005010      0x288 CMakeFiles/Eom_MPU6500_2.elf.dir/Drivers/STM32F4xx_HAL_Driver/Src/stm32f4xx_hal_uart.c.obj
                0x08005010                HAL_UART_IRQHandler
 .text.UART_Start_Receive_IT
                0x08005298       0x36 CMakeFiles/Eom_MPU6500_2.elf.dir/Drivers/STM32F4xx_HAL_Driver/Src/stm32f4xx_hal_uart.c.obj
                0x08005298                UART_Start_Receive_IT
 .text.HAL_UART_Receive_IT
                0x080052ce       0x26 CMakeFiles/Eom_MPU6500_2.elf.dir/Drivers/STM32F4xx_HAL_Driver/Src/stm32f4xx_hal_uart.c.obj
                0x080052ce                HAL_UART_Receive_IT
 .text.__errno  0x080052f4        0xc e:/gcc-arm-none-eabi-10.3-2021.10/bin/../lib/gcc/arm-none-eabi/10.3.1/../../../../arm-none-eabi/lib/thumb/v7e-m/nofp\libg.a(lib_a-errno.o)
                0x080052f4                __errno
 .text.__libc_init_array
                0x08005300       0x48 e:/gcc-arm-none-eabi-10.3-2021.10/bin/../lib/gcc/arm-none-eabi/10.3.1/../../../../arm-none-eabi/lib/thumb/v7e-m/nofp\libg.a(lib_a-init.o)
                0x08005300                __libc_init_array
 .text.memset   0x08005348       0xa4 e:/gcc-arm-none-eabi-10.3-2021.10/bin/../lib/gcc/arm-none-eabi/10.3.1/../../../../arm-none-eabi/lib/thumb/v7e-m/nofp\libg.a(lib_a-memset.o)
                0x08005348                memset
 .text.printf   0x080053ec       0x28 e:/gcc-arm-none-eabi-10.3-2021.10/bin/../lib/gcc/arm-none-eabi/10.3.1/../../../../arm-none-eabi/lib/thumb/v7e-m/nofp\libg.a(lib_a-printf.o)
                0x080053ec                printf
 .text._puts_r  0x08005414       0x9c e:/gcc-arm-none-eabi-10.3-2021.10/bin/../lib/gcc/arm-none-eabi/10.3.1/../../../../arm-none-eabi/lib/thumb/v7e-m/nofp\libg.a(lib_a-puts.o)
                0x08005414                _puts_r
 .text.puts     0x080054b0       0x10 e:/gcc-arm-none-eabi-10.3-2021.10/bin/../lib/gcc/arm-none-eabi/10.3.1/../../../../arm-none-eabi/lib/thumb/v7e-m/nofp\libg.a(lib_a-puts.o)
                0x080054b0                puts
 .text._vfprintf_r
                0x080054c0     0x1ad4 e:/gcc-arm-none-eabi-10.3-2021.10/bin/../lib/gcc/arm-none-eabi/10.3.1/../../../../arm-none-eabi/lib/thumb/v7e-m/nofp\libg.a(lib_a-vfprintf.o)
                0x080054c0                _vfprintf_r
 .text.__sbprintf
                0x08006f94       0x80 e:/gcc-arm-none-eabi-10.3-2021.10/bin/../lib/gcc/arm-none-eabi/10.3.1/../../../../arm-none-eabi/lib/thumb/v7e-m/nofp\libg.a(lib_a-vfprintf.o)
 .text.__swsetup_r
                0x08007014       0xd4 e:/gcc-arm-none-eabi-10.3-2021.10/bin/../lib/gcc/arm-none-eabi/10.3.1/../../../../arm-none-eabi/lib/thumb/v7e-m/nofp\libg.a(lib_a-wsetup.o)
                0x08007014                __swsetup_r
 .text.startup.register_fini
                0x080070e8       0x14 e:/gcc-arm-none-eabi-10.3-2021.10/bin/../lib/gcc/arm-none-eabi/10.3.1/../../../../arm-none-eabi/lib/thumb/v7e-m/nofp\libg.a(lib_a-__call_atexit.o)
 .text.atexit   0x080070fc        0xc e:/gcc-arm-none-eabi-10.3-2021.10/bin/../lib/gcc/arm-none-eabi/10.3.1/../../../../arm-none-eabi/lib/thumb/v7e-m/nofp\libg.a(lib_a-atexit.o)
                0x080070fc                atexit
 .text.quorem   0x08007108      0x124 e:/gcc-arm-none-eabi-10.3-2021.10/bin/../lib/gcc/arm-none-eabi/10.3.1/../../../../arm-none-eabi/lib/thumb/v7e-m/nofp\libg.a(lib_a-dtoa.o)
 *fill*         0x0800722c        0x4 
 .text._dtoa_r  0x08007230      0xec4 e:/gcc-arm-none-eabi-10.3-2021.10/bin/../lib/gcc/arm-none-eabi/10.3.1/../../../../arm-none-eabi/lib/thumb/v7e-m/nofp\libg.a(lib_a-dtoa.o)
                0x08007230                _dtoa_r
 .text.__sflush_r
                0x080080f4      0x120 e:/gcc-arm-none-eabi-10.3-2021.10/bin/../lib/gcc/arm-none-eabi/10.3.1/../../../../arm-none-eabi/lib/thumb/v7e-m/nofp\libg.a(lib_a-fflush.o)
                0x080080f4                __sflush_r
 .text._fflush_r
                0x08008214       0x5c e:/gcc-arm-none-eabi-10.3-2021.10/bin/../lib/gcc/arm-none-eabi/10.3.1/../../../../arm-none-eabi/lib/thumb/v7e-m/nofp\libg.a(lib_a-fflush.o)
                0x08008214                _fflush_r
 .text._cleanup_r
                0x08008270        0xc e:/gcc-arm-none-eabi-10.3-2021.10/bin/../lib/gcc/arm-none-eabi/10.3.1/../../../../arm-none-eabi/lib/thumb/v7e-m/nofp\libg.a(lib_a-findfp.o)
                0x08008270                _cleanup_r
 .text.__sinit  0x0800827c      0x10c e:/gcc-arm-none-eabi-10.3-2021.10/bin/../lib/gcc/arm-none-eabi/10.3.1/../../../../arm-none-eabi/lib/thumb/v7e-m/nofp\libg.a(lib_a-findfp.o)
                0x0800827c                __sinit
 .text.__sfp_lock_acquire
                0x08008388        0xc e:/gcc-arm-none-eabi-10.3-2021.10/bin/../lib/gcc/arm-none-eabi/10.3.1/../../../../arm-none-eabi/lib/thumb/v7e-m/nofp\libg.a(lib_a-findfp.o)
                0x08008388                __sfp_lock_acquire
 .text.__sfp_lock_release
                0x08008394        0xc e:/gcc-arm-none-eabi-10.3-2021.10/bin/../lib/gcc/arm-none-eabi/10.3.1/../../../../arm-none-eabi/lib/thumb/v7e-m/nofp\libg.a(lib_a-findfp.o)
                0x08008394                __sfp_lock_release
 .text.__libc_fini_array
                0x080083a0       0x2c e:/gcc-arm-none-eabi-10.3-2021.10/bin/../lib/gcc/arm-none-eabi/10.3.1/../../../../arm-none-eabi/lib/thumb/v7e-m/nofp\libg.a(lib_a-fini.o)
                0x080083a0                __libc_fini_array
 .text._malloc_trim_r
                0x080083cc       0xa0 e:/gcc-arm-none-eabi-10.3-2021.10/bin/../lib/gcc/arm-none-eabi/10.3.1/../../../../arm-none-eabi/lib/thumb/v7e-m/nofp\libg.a(lib_a-freer.o)
                0x080083cc                _malloc_trim_r
 .text._free_r  0x0800846c      0x20c e:/gcc-arm-none-eabi-10.3-2021.10/bin/../lib/gcc/arm-none-eabi/10.3.1/../../../../arm-none-eabi/lib/thumb/v7e-m/nofp\libg.a(lib_a-freer.o)
                0x0800846c                _free_r
 .text.__sfvwrite_r
                0x08008678      0x2e8 e:/gcc-arm-none-eabi-10.3-2021.10/bin/../lib/gcc/arm-none-eabi/10.3.1/../../../../arm-none-eabi/lib/thumb/v7e-m/nofp\libg.a(lib_a-fvwrite.o)
                0x08008678                __sfvwrite_r
 .text._fwalk_reent
                0x08008960       0x48 e:/gcc-arm-none-eabi-10.3-2021.10/bin/../lib/gcc/arm-none-eabi/10.3.1/../../../../arm-none-eabi/lib/thumb/v7e-m/nofp\libg.a(lib_a-fwalk.o)
                0x08008960                _fwalk_reent
 .text._localeconv_r
                0x080089a8        0x8 e:/gcc-arm-none-eabi-10.3-2021.10/bin/../lib/gcc/arm-none-eabi/10.3.1/../../../../arm-none-eabi/lib/thumb/v7e-m/nofp\libg.a(lib_a-localeconv.o)
                0x080089a8                _localeconv_r
 .text.__retarget_lock_init_recursive
                0x080089b0        0x4 e:/gcc-arm-none-eabi-10.3-2021.10/bin/../lib/gcc/arm-none-eabi/10.3.1/../../../../arm-none-eabi/lib/thumb/v7e-m/nofp\libg.a(lib_a-lock.o)
                0x080089b0                __retarget_lock_init_recursive
 .text.__retarget_lock_close_recursive
                0x080089b4        0x4 e:/gcc-arm-none-eabi-10.3-2021.10/bin/../lib/gcc/arm-none-eabi/10.3.1/../../../../arm-none-eabi/lib/thumb/v7e-m/nofp\libg.a(lib_a-lock.o)
                0x080089b4                __retarget_lock_close_recursive
 .text.__retarget_lock_acquire_recursive
                0x080089b8        0x4 e:/gcc-arm-none-eabi-10.3-2021.10/bin/../lib/gcc/arm-none-eabi/10.3.1/../../../../arm-none-eabi/lib/thumb/v7e-m/nofp\libg.a(lib_a-lock.o)
                0x080089b8                __retarget_lock_acquire_recursive
 .text.__retarget_lock_release_recursive
                0x080089bc        0x4 e:/gcc-arm-none-eabi-10.3-2021.10/bin/../lib/gcc/arm-none-eabi/10.3.1/../../../../arm-none-eabi/lib/thumb/v7e-m/nofp\libg.a(lib_a-lock.o)
                0x080089bc                __retarget_lock_release_recursive
 .text.__smakebuf_r
                0x080089c0       0xe0 e:/gcc-arm-none-eabi-10.3-2021.10/bin/../lib/gcc/arm-none-eabi/10.3.1/../../../../arm-none-eabi/lib/thumb/v7e-m/nofp\libg.a(lib_a-makebuf.o)
                0x080089c0                __smakebuf_r
 .text._malloc_r
                0x08008aa0      0x560 e:/gcc-arm-none-eabi-10.3-2021.10/bin/../lib/gcc/arm-none-eabi/10.3.1/../../../../arm-none-eabi/lib/thumb/v7e-m/nofp\libg.a(lib_a-mallocr.o)
                0x08008aa0                _malloc_r
 .text.memmove  0x08009000       0xf8 e:/gcc-arm-none-eabi-10.3-2021.10/bin/../lib/gcc/arm-none-eabi/10.3.1/../../../../arm-none-eabi/lib/thumb/v7e-m/nofp\libg.a(lib_a-memmove.o)
                0x08009000                memmove
 .text.__malloc_lock
                0x080090f8        0xc e:/gcc-arm-none-eabi-10.3-2021.10/bin/../lib/gcc/arm-none-eabi/10.3.1/../../../../arm-none-eabi/lib/thumb/v7e-m/nofp\libg.a(lib_a-mlock.o)
                0x080090f8                __malloc_lock
 .text.__malloc_unlock
                0x08009104        0xc e:/gcc-arm-none-eabi-10.3-2021.10/bin/../lib/gcc/arm-none-eabi/10.3.1/../../../../arm-none-eabi/lib/thumb/v7e-m/nofp\libg.a(lib_a-mlock.o)
                0x08009104                __malloc_unlock
 .text._Balloc  0x08009110       0x4c e:/gcc-arm-none-eabi-10.3-2021.10/bin/../lib/gcc/arm-none-eabi/10.3.1/../../../../arm-none-eabi/lib/thumb/v7e-m/nofp\libg.a(lib_a-mprec.o)
                0x08009110                _Balloc
 .text._Bfree   0x0800915c       0x14 e:/gcc-arm-none-eabi-10.3-2021.10/bin/../lib/gcc/arm-none-eabi/10.3.1/../../../../arm-none-eabi/lib/thumb/v7e-m/nofp\libg.a(lib_a-mprec.o)
                0x0800915c                _Bfree
 .text.__multadd
                0x08009170       0xa0 e:/gcc-arm-none-eabi-10.3-2021.10/bin/../lib/gcc/arm-none-eabi/10.3.1/../../../../arm-none-eabi/lib/thumb/v7e-m/nofp\libg.a(lib_a-mprec.o)
                0x08009170                __multadd
 .text.__hi0bits
                0x08009210       0x40 e:/gcc-arm-none-eabi-10.3-2021.10/bin/../lib/gcc/arm-none-eabi/10.3.1/../../../../arm-none-eabi/lib/thumb/v7e-m/nofp\libg.a(lib_a-mprec.o)
                0x08009210                __hi0bits
 .text.__lo0bits
                0x08009250       0x5c e:/gcc-arm-none-eabi-10.3-2021.10/bin/../lib/gcc/arm-none-eabi/10.3.1/../../../../arm-none-eabi/lib/thumb/v7e-m/nofp\libg.a(lib_a-mprec.o)
                0x08009250                __lo0bits
 .text.__i2b    0x080092ac       0x5c e:/gcc-arm-none-eabi-10.3-2021.10/bin/../lib/gcc/arm-none-eabi/10.3.1/../../../../arm-none-eabi/lib/thumb/v7e-m/nofp\libg.a(lib_a-mprec.o)
                0x080092ac                __i2b
 .text.__multiply
                0x08009308      0x15c e:/gcc-arm-none-eabi-10.3-2021.10/bin/../lib/gcc/arm-none-eabi/10.3.1/../../../../arm-none-eabi/lib/thumb/v7e-m/nofp\libg.a(lib_a-mprec.o)
                0x08009308                __multiply
 .text.__pow5mult
                0x08009464       0xc0 e:/gcc-arm-none-eabi-10.3-2021.10/bin/../lib/gcc/arm-none-eabi/10.3.1/../../../../arm-none-eabi/lib/thumb/v7e-m/nofp\libg.a(lib_a-mprec.o)
                0x08009464                __pow5mult
 .text.__lshift
                0x08009524       0xf0 e:/gcc-arm-none-eabi-10.3-2021.10/bin/../lib/gcc/arm-none-eabi/10.3.1/../../../../arm-none-eabi/lib/thumb/v7e-m/nofp\libg.a(lib_a-mprec.o)
                0x08009524                __lshift
 .text.__mcmp   0x08009614       0x40 e:/gcc-arm-none-eabi-10.3-2021.10/bin/../lib/gcc/arm-none-eabi/10.3.1/../../../../arm-none-eabi/lib/thumb/v7e-m/nofp\libg.a(lib_a-mprec.o)
                0x08009614                __mcmp
 .text.__mdiff  0x08009654      0x14c e:/gcc-arm-none-eabi-10.3-2021.10/bin/../lib/gcc/arm-none-eabi/10.3.1/../../../../arm-none-eabi/lib/thumb/v7e-m/nofp\libg.a(lib_a-mprec.o)
                0x08009654                __mdiff
 .text.__d2b    0x080097a0       0xc4 e:/gcc-arm-none-eabi-10.3-2021.10/bin/../lib/gcc/arm-none-eabi/10.3.1/../../../../arm-none-eabi/lib/thumb/v7e-m/nofp\libg.a(lib_a-mprec.o)
                0x080097a0                __d2b
 .text._realloc_r
                0x08009864      0x3d8 e:/gcc-arm-none-eabi-10.3-2021.10/bin/../lib/gcc/arm-none-eabi/10.3.1/../../../../arm-none-eabi/lib/thumb/v7e-m/nofp\libg.a(lib_a-reallocr.o)
                0x08009864                _realloc_r
 .text.frexp    0x08009c3c       0x70 e:/gcc-arm-none-eabi-10.3-2021.10/bin/../lib/gcc/arm-none-eabi/10.3.1/../../../../arm-none-eabi/lib/thumb/v7e-m/nofp\libg.a(lib_a-s_frexp.o)
                0x08009c3c                frexp
 .text._sbrk_r  0x08009cac       0x24 e:/gcc-arm-none-eabi-10.3-2021.10/bin/../lib/gcc/arm-none-eabi/10.3.1/../../../../arm-none-eabi/lib/thumb/v7e-m/nofp\libg.a(lib_a-sbrkr.o)
                0x08009cac                _sbrk_r
 .text.__sread  0x08009cd0       0x24 e:/gcc-arm-none-eabi-10.3-2021.10/bin/../lib/gcc/arm-none-eabi/10.3.1/../../../../arm-none-eabi/lib/thumb/v7e-m/nofp\libg.a(lib_a-stdio.o)
                0x08009cd0                __sread
 .text.__swrite
                0x08009cf4       0x40 e:/gcc-arm-none-eabi-10.3-2021.10/bin/../lib/gcc/arm-none-eabi/10.3.1/../../../../arm-none-eabi/lib/thumb/v7e-m/nofp\libg.a(lib_a-stdio.o)
                0x08009cf4                __swrite
 .text.__sseek  0x08009d34       0x20 e:/gcc-arm-none-eabi-10.3-2021.10/bin/../lib/gcc/arm-none-eabi/10.3.1/../../../../arm-none-eabi/lib/thumb/v7e-m/nofp\libg.a(lib_a-stdio.o)
                0x08009d34                __sseek
 .text.__sclose
                0x08009d54        0x8 e:/gcc-arm-none-eabi-10.3-2021.10/bin/../lib/gcc/arm-none-eabi/10.3.1/../../../../arm-none-eabi/lib/thumb/v7e-m/nofp\libg.a(lib_a-stdio.o)
                0x08009d54                __sclose
 .text.strncpy  0x08009d5c       0x64 e:/gcc-arm-none-eabi-10.3-2021.10/bin/../lib/gcc/arm-none-eabi/10.3.1/../../../../arm-none-eabi/lib/thumb/v7e-m/nofp\libg.a(lib_a-strncpy.o)
                0x08009d5c                strncpy
 .text.__sprint_r.part.0
                0x08009dc0       0x78 e:/gcc-arm-none-eabi-10.3-2021.10/bin/../lib/gcc/arm-none-eabi/10.3.1/../../../../arm-none-eabi/lib/thumb/v7e-m/nofp\libg.a(lib_a-vfiprintf.o)
 .text.__sprint_r
                0x08009e38       0x14 e:/gcc-arm-none-eabi-10.3-2021.10/bin/../lib/gcc/arm-none-eabi/10.3.1/../../../../arm-none-eabi/lib/thumb/v7e-m/nofp\libg.a(lib_a-vfiprintf.o)
                0x08009e38                __sprint_r
 .text._vfiprintf_r
                0x08009e4c      0xda0 e:/gcc-arm-none-eabi-10.3-2021.10/bin/../lib/gcc/arm-none-eabi/10.3.1/../../../../arm-none-eabi/lib/thumb/v7e-m/nofp\libg.a(lib_a-vfiprintf.o)
                0x08009e4c                _vfiprintf_r
 .text.__sbprintf
                0x0800abec       0x80 e:/gcc-arm-none-eabi-10.3-2021.10/bin/../lib/gcc/arm-none-eabi/10.3.1/../../../../arm-none-eabi/lib/thumb/v7e-m/nofp\libg.a(lib_a-vfiprintf.o)
 .text._write_r
                0x0800ac6c       0x2c e:/gcc-arm-none-eabi-10.3-2021.10/bin/../lib/gcc/arm-none-eabi/10.3.1/../../../../arm-none-eabi/lib/thumb/v7e-m/nofp\libg.a(lib_a-writer.o)
                0x0800ac6c                _write_r
 .text.__register_exitproc
                0x0800ac98       0x8c e:/gcc-arm-none-eabi-10.3-2021.10/bin/../lib/gcc/arm-none-eabi/10.3.1/../../../../arm-none-eabi/lib/thumb/v7e-m/nofp\libg.a(lib_a-__atexit.o)
                0x0800ac98                __register_exitproc
 .text.__assert_func
                0x0800ad24       0x40 e:/gcc-arm-none-eabi-10.3-2021.10/bin/../lib/gcc/arm-none-eabi/10.3.1/../../../../arm-none-eabi/lib/thumb/v7e-m/nofp\libg.a(lib_a-assert.o)
                0x0800ad24                __assert_func
 .text._calloc_r
                0x0800ad64       0x78 e:/gcc-arm-none-eabi-10.3-2021.10/bin/../lib/gcc/arm-none-eabi/10.3.1/../../../../arm-none-eabi/lib/thumb/v7e-m/nofp\libg.a(lib_a-callocr.o)
                0x0800ad64                _calloc_r
 .text._close_r
                0x0800addc       0x24 e:/gcc-arm-none-eabi-10.3-2021.10/bin/../lib/gcc/arm-none-eabi/10.3.1/../../../../arm-none-eabi/lib/thumb/v7e-m/nofp\libg.a(lib_a-closer.o)
                0x0800addc                _close_r
 .text._fclose_r
                0x0800ae00       0xcc e:/gcc-arm-none-eabi-10.3-2021.10/bin/../lib/gcc/arm-none-eabi/10.3.1/../../../../arm-none-eabi/lib/thumb/v7e-m/nofp\libg.a(lib_a-fclose.o)
                0x0800ae00                _fclose_r
 .text.fiprintf
                0x0800aecc       0x28 e:/gcc-arm-none-eabi-10.3-2021.10/bin/../lib/gcc/arm-none-eabi/10.3.1/../../../../arm-none-eabi/lib/thumb/v7e-m/nofp\libg.a(lib_a-fiprintf.o)
                0x0800aecc                fiprintf
 .text.__fputwc
                0x0800aef4       0xa8 e:/gcc-arm-none-eabi-10.3-2021.10/bin/../lib/gcc/arm-none-eabi/10.3.1/../../../../arm-none-eabi/lib/thumb/v7e-m/nofp\libg.a(lib_a-fputwc.o)
                0x0800aef4                __fputwc
 .text._fputwc_r
                0x0800af9c       0x68 e:/gcc-arm-none-eabi-10.3-2021.10/bin/../lib/gcc/arm-none-eabi/10.3.1/../../../../arm-none-eabi/lib/thumb/v7e-m/nofp\libg.a(lib_a-fputwc.o)
                0x0800af9c                _fputwc_r
 .text._fstat_r
                0x0800b004       0x2c e:/gcc-arm-none-eabi-10.3-2021.10/bin/../lib/gcc/arm-none-eabi/10.3.1/../../../../arm-none-eabi/lib/thumb/v7e-m/nofp\libg.a(lib_a-fstatr.o)
                0x0800b004                _fstat_r
 .text._isatty_r
                0x0800b030       0x24 e:/gcc-arm-none-eabi-10.3-2021.10/bin/../lib/gcc/arm-none-eabi/10.3.1/../../../../arm-none-eabi/lib/thumb/v7e-m/nofp\libg.a(lib_a-isattyr.o)
                0x0800b030                _isatty_r
 .text.__locale_mb_cur_max
                0x0800b054        0xc e:/gcc-arm-none-eabi-10.3-2021.10/bin/../lib/gcc/arm-none-eabi/10.3.1/../../../../arm-none-eabi/lib/thumb/v7e-m/nofp\libg.a(lib_a-locale.o)
                0x0800b054                __locale_mb_cur_max
 .text._lseek_r
                0x0800b060       0x2c e:/gcc-arm-none-eabi-10.3-2021.10/bin/../lib/gcc/arm-none-eabi/10.3.1/../../../../arm-none-eabi/lib/thumb/v7e-m/nofp\libg.a(lib_a-lseekr.o)
                0x0800b060                _lseek_r
 .text.__ascii_mbtowc
                0x0800b08c       0x2c e:/gcc-arm-none-eabi-10.3-2021.10/bin/../lib/gcc/arm-none-eabi/10.3.1/../../../../arm-none-eabi/lib/thumb/v7e-m/nofp\libg.a(lib_a-mbtowc_r.o)
                0x0800b08c                __ascii_mbtowc
 .text._read_r  0x0800b0b8       0x2c e:/gcc-arm-none-eabi-10.3-2021.10/bin/../lib/gcc/arm-none-eabi/10.3.1/../../../../arm-none-eabi/lib/thumb/v7e-m/nofp\libg.a(lib_a-readr.o)
                0x0800b0b8                _read_r
 .text.__swbuf_r
                0x0800b0e4       0xb0 e:/gcc-arm-none-eabi-10.3-2021.10/bin/../lib/gcc/arm-none-eabi/10.3.1/../../../../arm-none-eabi/lib/thumb/v7e-m/nofp\libg.a(lib_a-wbuf.o)
                0x0800b0e4                __swbuf_r
 .text._wcrtomb_r
                0x0800b194       0x3c e:/gcc-arm-none-eabi-10.3-2021.10/bin/../lib/gcc/arm-none-eabi/10.3.1/../../../../arm-none-eabi/lib/thumb/v7e-m/nofp\libg.a(lib_a-wcrtomb.o)
                0x0800b194                _wcrtomb_r
 .text.__ascii_wctomb
                0x0800b1d0       0x1c e:/gcc-arm-none-eabi-10.3-2021.10/bin/../lib/gcc/arm-none-eabi/10.3.1/../../../../arm-none-eabi/lib/thumb/v7e-m/nofp\libg.a(lib_a-wctomb_r.o)
                0x0800b1d0                __ascii_wctomb
 .text.abort    0x0800b1ec       0x10 e:/gcc-arm-none-eabi-10.3-2021.10/bin/../lib/gcc/arm-none-eabi/10.3.1/../../../../arm-none-eabi/lib/thumb/v7e-m/nofp\libg.a(lib_a-abort.o)
                0x0800b1ec                abort
 .text.raise    0x0800b1fc       0x5c e:/gcc-arm-none-eabi-10.3-2021.10/bin/../lib/gcc/arm-none-eabi/10.3.1/../../../../arm-none-eabi/lib/thumb/v7e-m/nofp\libg.a(lib_a-signal.o)
                0x0800b1fc                raise
 .text._kill_r  0x0800b258       0x2c e:/gcc-arm-none-eabi-10.3-2021.10/bin/../lib/gcc/arm-none-eabi/10.3.1/../../../../arm-none-eabi/lib/thumb/v7e-m/nofp\libg.a(lib_a-signalr.o)
                0x0800b258                _kill_r
 .text._getpid_r
                0x0800b284        0x4 e:/gcc-arm-none-eabi-10.3-2021.10/bin/../lib/gcc/arm-none-eabi/10.3.1/../../../../arm-none-eabi/lib/thumb/v7e-m/nofp\libg.a(lib_a-signalr.o)
                0x0800b284                _getpid_r
 .text.atan2f   0x0800b288        0x4 e:/gcc-arm-none-eabi-10.3-2021.10/bin/../lib/gcc/arm-none-eabi/10.3.1/../../../../arm-none-eabi/lib/thumb/v7e-m/nofp\libm.a(lib_a-wf_atan2.o)
                0x0800b288                atan2f
 .text.__ieee754_atan2f
                0x0800b28c      0x110 e:/gcc-arm-none-eabi-10.3-2021.10/bin/../lib/gcc/arm-none-eabi/10.3.1/../../../../arm-none-eabi/lib/thumb/v7e-m/nofp\libm.a(lib_a-ef_atan2.o)
                0x0800b28c                __ieee754_atan2f
 .text.atanf    0x0800b39c      0x230 e:/gcc-arm-none-eabi-10.3-2021.10/bin/../lib/gcc/arm-none-eabi/10.3.1/../../../../arm-none-eabi/lib/thumb/v7e-m/nofp\libm.a(lib_a-sf_atan.o)
                0x0800b39c                atanf
 .text.fabsf    0x0800b5cc        0x8 e:/gcc-arm-none-eabi-10.3-2021.10/bin/../lib/gcc/arm-none-eabi/10.3.1/../../../../arm-none-eabi/lib/thumb/v7e-m/nofp\libm.a(lib_a-sf_fabs.o)
                0x0800b5cc                fabsf
 *(.glue_7)
 .glue_7        0x0800b5d4        0x0 linker stubs
 *(.glue_7t)
 .glue_7t       0x0800b5d4        0x0 linker stubs
 *(.eh_frame)
 .eh_frame      0x0800b5d4        0x0 e:/gcc-arm-none-eabi-10.3-2021.10/bin/../lib/gcc/arm-none-eabi/10.3.1/thumb/v7e-m/nofp/crtbegin.o
 *(.init)
 .init          0x0800b5d4        0x4 e:/gcc-arm-none-eabi-10.3-2021.10/bin/../lib/gcc/arm-none-eabi/10.3.1/thumb/v7e-m/nofp/crti.o
                0x0800b5d4                _init
 .init          0x0800b5d8        0x8 e:/gcc-arm-none-eabi-10.3-2021.10/bin/../lib/gcc/arm-none-eabi/10.3.1/thumb/v7e-m/nofp/crtn.o
 *(.fini)
 .fini          0x0800b5e0        0x4 e:/gcc-arm-none-eabi-10.3-2021.10/bin/../lib/gcc/arm-none-eabi/10.3.1/thumb/v7e-m/nofp/crti.o
                0x0800b5e0                _fini
 .fini          0x0800b5e4        0x8 e:/gcc-arm-none-eabi-10.3-2021.10/bin/../lib/gcc/arm-none-eabi/10.3.1/thumb/v7e-m/nofp/crtn.o
                0x0800b5ec                . = ALIGN (0x4)
                0x0800b5ec                _etext = .

.vfp11_veneer   0x0800b5ec        0x0
 .vfp11_veneer  0x0800b5ec        0x0 linker stubs

.v4_bx          0x0800b5ec        0x0
 .v4_bx         0x0800b5ec        0x0 linker stubs

.iplt           0x0800b5ec        0x0
 .iplt          0x0800b5ec        0x0 e:/gcc-arm-none-eabi-10.3-2021.10/bin/../lib/gcc/arm-none-eabi/10.3.1/thumb/v7e-m/nofp/crtbegin.o

.rodata         0x0800b5f0      0x978
                0x0800b5f0                . = ALIGN (0x4)
 *(.rodata)
 *(.rodata*)
 .rodata.mpu6500_read_accel_raw.str1.4
                0x0800b5f0       0x1e CMakeFiles/Eom_MPU6500_2.elf.dir/Core/Src/MPU6500.c.obj
 *fill*         0x0800b60e        0x2 
 .rodata.mpu6500_read_gyro_raw.str1.4
                0x0800b610       0x1d CMakeFiles/Eom_MPU6500_2.elf.dir/Core/Src/MPU6500.c.obj
 *fill*         0x0800b62d        0x3 
 .rodata.mpu6500_write_byte.str1.4
                0x0800b630       0x2b CMakeFiles/Eom_MPU6500_2.elf.dir/Core/Src/MPU6500.c.obj
 *fill*         0x0800b65b        0x1 
 .rodata.mpu6500_read_byte.str1.4
                0x0800b65c       0x2a CMakeFiles/Eom_MPU6500_2.elf.dir/Core/Src/MPU6500.c.obj
 *fill*         0x0800b686        0x2 
 .rodata.mpu6500_init.str1.4
                0x0800b688       0xe6 CMakeFiles/Eom_MPU6500_2.elf.dir/Core/Src/MPU6500.c.obj
 *fill*         0x0800b76e        0x2 
 .rodata.main.str1.4
                0x0800b770      0x10d CMakeFiles/Eom_MPU6500_2.elf.dir/Core/Src/main.c.obj
 *fill*         0x0800b87d        0x3 
 .rodata.Font7x10_Table
                0x0800b880      0x299 CMakeFiles/Eom_MPU6500_2.elf.dir/Core/Src/ssd1306.c.obj
                0x0800b880                Font7x10_Table
 *fill*         0x0800bb19        0x3 
 .rodata.AHBPrescTable
                0x0800bb1c       0x10 CMakeFiles/Eom_MPU6500_2.elf.dir/Core/Src/system_stm32f4xx.c.obj
                0x0800bb1c                AHBPrescTable
 .rodata.APBPrescTable
                0x0800bb2c        0x8 CMakeFiles/Eom_MPU6500_2.elf.dir/Core/Src/system_stm32f4xx.c.obj
                0x0800bb2c                APBPrescTable
 .rodata._global_impure_ptr
                0x0800bb34        0x4 e:/gcc-arm-none-eabi-10.3-2021.10/bin/../lib/gcc/arm-none-eabi/10.3.1/../../../../arm-none-eabi/lib/thumb/v7e-m/nofp\libg.a(lib_a-impure.o)
                0x0800bb34                _global_impure_ptr
 .rodata._puts_r.str1.4
                0x0800bb38      0x10d e:/gcc-arm-none-eabi-10.3-2021.10/bin/../lib/gcc/arm-none-eabi/10.3.1/../../../../arm-none-eabi/lib/thumb/v7e-m/nofp\libg.a(lib_a-puts.o)
                                  0x2 (size before relaxing)
 .rodata._vfprintf_r.str1.4
                0x0800bb38       0x42 e:/gcc-arm-none-eabi-10.3-2021.10/bin/../lib/gcc/arm-none-eabi/10.3.1/../../../../arm-none-eabi/lib/thumb/v7e-m/nofp\libg.a(lib_a-vfprintf.o)
 *fill*         0x0800bb7a        0x2 
 .rodata.blanks.1
                0x0800bb7c       0x10 e:/gcc-arm-none-eabi-10.3-2021.10/bin/../lib/gcc/arm-none-eabi/10.3.1/../../../../arm-none-eabi/lib/thumb/v7e-m/nofp\libg.a(lib_a-vfprintf.o)
 .rodata.zeroes.0
                0x0800bb8c       0x10 e:/gcc-arm-none-eabi-10.3-2021.10/bin/../lib/gcc/arm-none-eabi/10.3.1/../../../../arm-none-eabi/lib/thumb/v7e-m/nofp\libg.a(lib_a-vfprintf.o)
 .rodata._dtoa_r.str1.4
                0x0800bb9c       0xa2 e:/gcc-arm-none-eabi-10.3-2021.10/bin/../lib/gcc/arm-none-eabi/10.3.1/../../../../arm-none-eabi/lib/thumb/v7e-m/nofp\libg.a(lib_a-dtoa.o)
                                 0xa6 (size before relaxing)
 *fill*         0x0800bc3e        0x2 
 .rodata.__multadd.str1.4
                0x0800bc40       0x7f e:/gcc-arm-none-eabi-10.3-2021.10/bin/../lib/gcc/arm-none-eabi/10.3.1/../../../../arm-none-eabi/lib/thumb/v7e-m/nofp\libg.a(lib_a-mprec.o)
                                 0x93 (size before relaxing)
 *fill*         0x0800bcbf        0x1 
 .rodata.__mprec_bigtens
                0x0800bcc0       0x28 e:/gcc-arm-none-eabi-10.3-2021.10/bin/../lib/gcc/arm-none-eabi/10.3.1/../../../../arm-none-eabi/lib/thumb/v7e-m/nofp\libg.a(lib_a-mprec.o)
                0x0800bcc0                __mprec_bigtens
 .rodata.__mprec_tens
                0x0800bce8       0xc8 e:/gcc-arm-none-eabi-10.3-2021.10/bin/../lib/gcc/arm-none-eabi/10.3.1/../../../../arm-none-eabi/lib/thumb/v7e-m/nofp\libg.a(lib_a-mprec.o)
                0x0800bce8                __mprec_tens
 .rodata.p05.0  0x0800bdb0        0xc e:/gcc-arm-none-eabi-10.3-2021.10/bin/../lib/gcc/arm-none-eabi/10.3.1/../../../../arm-none-eabi/lib/thumb/v7e-m/nofp\libg.a(lib_a-mprec.o)
 .rodata._vfiprintf_r.str1.4
                0x0800bdbc       0x2f e:/gcc-arm-none-eabi-10.3-2021.10/bin/../lib/gcc/arm-none-eabi/10.3.1/../../../../arm-none-eabi/lib/thumb/v7e-m/nofp\libg.a(lib_a-vfiprintf.o)
 .rodata.blanks.1
                0x0800bdbc       0x10 e:/gcc-arm-none-eabi-10.3-2021.10/bin/../lib/gcc/arm-none-eabi/10.3.1/../../../../arm-none-eabi/lib/thumb/v7e-m/nofp\libg.a(lib_a-vfiprintf.o)
 .rodata.zeroes.0
                0x0800bdcc       0x10 e:/gcc-arm-none-eabi-10.3-2021.10/bin/../lib/gcc/arm-none-eabi/10.3.1/../../../../arm-none-eabi/lib/thumb/v7e-m/nofp\libg.a(lib_a-vfiprintf.o)
 .rodata.__assert_func.str1.4
                0x0800bddc       0x3f e:/gcc-arm-none-eabi-10.3-2021.10/bin/../lib/gcc/arm-none-eabi/10.3.1/../../../../arm-none-eabi/lib/thumb/v7e-m/nofp\libg.a(lib_a-assert.o)
                                 0x43 (size before relaxing)
 *fill*         0x0800be1b        0x1 
 .rodata._setlocale_r.str1.4
                0x0800be1c        0xa e:/gcc-arm-none-eabi-10.3-2021.10/bin/../lib/gcc/arm-none-eabi/10.3.1/../../../../arm-none-eabi/lib/thumb/v7e-m/nofp\libg.a(lib_a-locale.o)
                                  0xd (size before relaxing)
 *fill*         0x0800be26        0x2 
 .rodata.str1.4
                0x0800be28        0x2 e:/gcc-arm-none-eabi-10.3-2021.10/bin/../lib/gcc/arm-none-eabi/10.3.1/../../../../arm-none-eabi/lib/thumb/v7e-m/nofp\libg.a(lib_a-locale.o)
 *fill*         0x0800be2a        0x2 
 .rodata._ctype_
                0x0800be2c      0x101 e:/gcc-arm-none-eabi-10.3-2021.10/bin/../lib/gcc/arm-none-eabi/10.3.1/../../../../arm-none-eabi/lib/thumb/v7e-m/nofp\libg.a(lib_a-ctype_.o)
                0x0800be2c                _ctype_
 *fill*         0x0800bf2d        0x3 
 .rodata.CSWTCH.8
                0x0800bf30        0xc e:/gcc-arm-none-eabi-10.3-2021.10/bin/../lib/gcc/arm-none-eabi/10.3.1/../../../../arm-none-eabi/lib/thumb/v7e-m/nofp\libm.a(lib_a-ef_atan2.o)
 .rodata.CSWTCH.9
                0x0800bf3c        0xc e:/gcc-arm-none-eabi-10.3-2021.10/bin/../lib/gcc/arm-none-eabi/10.3.1/../../../../arm-none-eabi/lib/thumb/v7e-m/nofp\libm.a(lib_a-ef_atan2.o)
 .rodata.atanhi
                0x0800bf48       0x10 e:/gcc-arm-none-eabi-10.3-2021.10/bin/../lib/gcc/arm-none-eabi/10.3.1/../../../../arm-none-eabi/lib/thumb/v7e-m/nofp\libm.a(lib_a-sf_atan.o)
 .rodata.atanlo
                0x0800bf58       0x10 e:/gcc-arm-none-eabi-10.3-2021.10/bin/../lib/gcc/arm-none-eabi/10.3.1/../../../../arm-none-eabi/lib/thumb/v7e-m/nofp\libm.a(lib_a-sf_atan.o)
                0x0800bf68                . = ALIGN (0x4)

.ARM.extab      0x0800bf68        0x0
                0x0800bf68                . = ALIGN (0x4)
 *(.ARM.extab* .gnu.linkonce.armextab.*)
                0x0800bf68                . = ALIGN (0x4)

.ARM            0x0800bf68        0x8
                0x0800bf68                . = ALIGN (0x4)
                0x0800bf68                __exidx_start = .
 *(.ARM.exidx*)
 .ARM.exidx     0x0800bf68        0x8 e:/gcc-arm-none-eabi-10.3-2021.10/bin/../lib/gcc/arm-none-eabi/10.3.1/thumb/v7e-m/nofp\libgcc.a(_udivmoddi4.o)
                0x0800bf70                __exidx_end = .
                0x0800bf70                . = ALIGN (0x4)

.rel.dyn        0x0800bf70        0x0
 .rel.iplt      0x0800bf70        0x0 e:/gcc-arm-none-eabi-10.3-2021.10/bin/../lib/gcc/arm-none-eabi/10.3.1/thumb/v7e-m/nofp/crtbegin.o

.preinit_array  0x0800bf70        0x0
                0x0800bf70                . = ALIGN (0x4)
                0x0800bf70                PROVIDE (__preinit_array_start = .)
 *(.preinit_array*)
                0x0800bf70                PROVIDE (__preinit_array_end = .)
                0x0800bf70                . = ALIGN (0x4)

.init_array     0x0800bf70        0x8
                0x0800bf70                . = ALIGN (0x4)
                0x0800bf70                PROVIDE (__init_array_start = .)
 *(SORT_BY_NAME(.init_array.*))
 .init_array.00000
                0x0800bf70        0x4 e:/gcc-arm-none-eabi-10.3-2021.10/bin/../lib/gcc/arm-none-eabi/10.3.1/../../../../arm-none-eabi/lib/thumb/v7e-m/nofp\libg.a(lib_a-__call_atexit.o)
 *(.init_array*)
 .init_array    0x0800bf74        0x4 e:/gcc-arm-none-eabi-10.3-2021.10/bin/../lib/gcc/arm-none-eabi/10.3.1/thumb/v7e-m/nofp/crtbegin.o
                0x0800bf78                PROVIDE (__init_array_end = .)
                0x0800bf78                . = ALIGN (0x4)

.fini_array     0x0800bf78        0x4
                0x0800bf78                . = ALIGN (0x4)
                0x0800bf78                PROVIDE (__fini_array_start = .)
 *(SORT_BY_NAME(.fini_array.*))
 *(.fini_array*)
 .fini_array    0x0800bf78        0x4 e:/gcc-arm-none-eabi-10.3-2021.10/bin/../lib/gcc/arm-none-eabi/10.3.1/thumb/v7e-m/nofp/crtbegin.o
                0x0800bf7c                PROVIDE (__fini_array_end = .)
                0x0800bf7c                . = ALIGN (0x4)
                0x0800bf7c                _sidata = LOADADDR (.data)

.data           0x20000000      0x9c8 load address 0x0800bf7c
                0x20000000                . = ALIGN (0x4)
                0x20000000                _sdata = .
 *(.data)
 *(.data*)
 .data.Font_7x10
                0x20000000        0x8 CMakeFiles/Eom_MPU6500_2.elf.dir/Core/Src/ssd1306.c.obj
                0x20000000                Font_7x10
 .data.g_balance_kd
                0x20000008        0x4 CMakeFiles/Eom_MPU6500_2.elf.dir/Core/Src/stm32f4xx_it.c.obj
                0x20000008                g_balance_kd
 .data.g_balance_kp
                0x2000000c        0x4 CMakeFiles/Eom_MPU6500_2.elf.dir/Core/Src/stm32f4xx_it.c.obj
                0x2000000c                g_balance_kp
 .data.SystemCoreClock
                0x20000010        0x4 CMakeFiles/Eom_MPU6500_2.elf.dir/Core/Src/system_stm32f4xx.c.obj
                0x20000010                SystemCoreClock
 .data.uwTickFreq
                0x20000014        0x1 CMakeFiles/Eom_MPU6500_2.elf.dir/Drivers/STM32F4xx_HAL_Driver/Src/stm32f4xx_hal.c.obj
                0x20000014                uwTickFreq
 *fill*         0x20000015        0x3 
 .data.uwTickPrio
                0x20000018        0x4 CMakeFiles/Eom_MPU6500_2.elf.dir/Drivers/STM32F4xx_HAL_Driver/Src/stm32f4xx_hal.c.obj
                0x20000018                uwTickPrio
 .data._impure_ptr
                0x2000001c        0x4 e:/gcc-arm-none-eabi-10.3-2021.10/bin/../lib/gcc/arm-none-eabi/10.3.1/../../../../arm-none-eabi/lib/thumb/v7e-m/nofp\libg.a(lib_a-impure.o)
                0x2000001c                _impure_ptr
 .data.impure_data
                0x20000020      0x428 e:/gcc-arm-none-eabi-10.3-2021.10/bin/../lib/gcc/arm-none-eabi/10.3.1/../../../../arm-none-eabi/lib/thumb/v7e-m/nofp\libg.a(lib_a-impure.o)
 .data.__atexit_recursive_mutex
                0x20000448        0x4 e:/gcc-arm-none-eabi-10.3-2021.10/bin/../lib/gcc/arm-none-eabi/10.3.1/../../../../arm-none-eabi/lib/thumb/v7e-m/nofp\libg.a(lib_a-__call_atexit.o)
                0x20000448                __atexit_recursive_mutex
 .data.__malloc_av_
                0x2000044c      0x408 e:/gcc-arm-none-eabi-10.3-2021.10/bin/../lib/gcc/arm-none-eabi/10.3.1/../../../../arm-none-eabi/lib/thumb/v7e-m/nofp\libg.a(lib_a-mallocr.o)
                0x2000044c                __malloc_av_
 .data.__malloc_sbrk_base
                0x20000854        0x4 e:/gcc-arm-none-eabi-10.3-2021.10/bin/../lib/gcc/arm-none-eabi/10.3.1/../../../../arm-none-eabi/lib/thumb/v7e-m/nofp\libg.a(lib_a-mallocr.o)
                0x20000854                __malloc_sbrk_base
 .data.__malloc_trim_threshold
                0x20000858        0x4 e:/gcc-arm-none-eabi-10.3-2021.10/bin/../lib/gcc/arm-none-eabi/10.3.1/../../../../arm-none-eabi/lib/thumb/v7e-m/nofp\libg.a(lib_a-mallocr.o)
                0x20000858                __malloc_trim_threshold
 .data.__global_locale
                0x2000085c      0x16c e:/gcc-arm-none-eabi-10.3-2021.10/bin/../lib/gcc/arm-none-eabi/10.3.1/../../../../arm-none-eabi/lib/thumb/v7e-m/nofp\libg.a(lib_a-locale.o)
                0x2000085c                __global_locale
 *(.RamFunc)
 *(.RamFunc*)
                0x200009c8                . = ALIGN (0x4)
                0x200009c8                _edata = .

.igot.plt       0x200009c8        0x0 load address 0x0800c944
 .igot.plt      0x200009c8        0x0 e:/gcc-arm-none-eabi-10.3-2021.10/bin/../lib/gcc/arm-none-eabi/10.3.1/thumb/v7e-m/nofp/crtbegin.o
                0x200009c8                . = ALIGN (0x4)

.bss            0x200009c8      0x740 load address 0x0800c944
                0x200009c8                _sbss = .
                0x200009c8                __bss_start__ = _sbss
 *(.bss)
 .bss           0x200009c8       0x1c e:/gcc-arm-none-eabi-10.3-2021.10/bin/../lib/gcc/arm-none-eabi/10.3.1/thumb/v7e-m/nofp/crtbegin.o
 *(.bss*)
 .bss.data_received_flag
                0x200009e4        0x1 CMakeFiles/Eom_MPU6500_2.elf.dir/Core/Src/bluetooth_hc05.c.obj
 *fill*         0x200009e5        0x3 
 .bss.internal_rx_buffer
                0x200009e8       0x80 CMakeFiles/Eom_MPU6500_2.elf.dir/Core/Src/bluetooth_hc05.c.obj
 .bss.internal_rx_index
                0x20000a68        0x2 CMakeFiles/Eom_MPU6500_2.elf.dir/Core/Src/bluetooth_hc05.c.obj
 .bss.single_byte_rx_data
                0x20000a6a        0x1 CMakeFiles/Eom_MPU6500_2.elf.dir/Core/Src/bluetooth_hc05.c.obj
 *fill*         0x20000a6b        0x1 
 .bss.hi2c1     0x20000a6c       0x54 CMakeFiles/Eom_MPU6500_2.elf.dir/Core/Src/i2c.c.obj
                0x20000a6c                hi2c1
 .bss.hi2c2     0x20000ac0       0x54 CMakeFiles/Eom_MPU6500_2.elf.dir/Core/Src/i2c.c.obj
                0x20000ac0                hi2c2
 .bss.SSD1306   0x20000b14        0x6 CMakeFiles/Eom_MPU6500_2.elf.dir/Core/Src/ssd1306.c.obj
 *fill*         0x20000b1a        0x2 
 .bss.SSD1306_Buffer
                0x20000b1c      0x400 CMakeFiles/Eom_MPU6500_2.elf.dir/Core/Src/ssd1306.c.obj
 .bss.g_accel_angle
                0x20000f1c        0x4 CMakeFiles/Eom_MPU6500_2.elf.dir/Core/Src/stm32f4xx_it.c.obj
                0x20000f1c                g_accel_angle
 .bss.g_accel_pitch_bias_deg
                0x20000f20        0x4 CMakeFiles/Eom_MPU6500_2.elf.dir/Core/Src/stm32f4xx_it.c.obj
                0x20000f20                g_accel_pitch_bias_deg
 .bss.g_accel_x_raw
                0x20000f24        0x2 CMakeFiles/Eom_MPU6500_2.elf.dir/Core/Src/stm32f4xx_it.c.obj
                0x20000f24                g_accel_x_raw
 .bss.g_accel_y_raw
                0x20000f26        0x2 CMakeFiles/Eom_MPU6500_2.elf.dir/Core/Src/stm32f4xx_it.c.obj
                0x20000f26                g_accel_y_raw
 .bss.g_accel_z_raw
                0x20000f28        0x2 CMakeFiles/Eom_MPU6500_2.elf.dir/Core/Src/stm32f4xx_it.c.obj
                0x20000f28                g_accel_z_raw
 .bss.g_gyro_x_bias_raw
                0x20000f2a        0x2 CMakeFiles/Eom_MPU6500_2.elf.dir/Core/Src/stm32f4xx_it.c.obj
                0x20000f2a                g_gyro_x_bias_raw
 .bss.g_gyro_x_dps
                0x20000f2c        0x4 CMakeFiles/Eom_MPU6500_2.elf.dir/Core/Src/stm32f4xx_it.c.obj
                0x20000f2c                g_gyro_x_dps
 .bss.g_gyro_x_raw
                0x20000f30        0x2 CMakeFiles/Eom_MPU6500_2.elf.dir/Core/Src/stm32f4xx_it.c.obj
                0x20000f30                g_gyro_x_raw
 .bss.g_gyro_y_bias_raw
                0x20000f32        0x2 CMakeFiles/Eom_MPU6500_2.elf.dir/Core/Src/stm32f4xx_it.c.obj
                0x20000f32                g_gyro_y_bias_raw
 .bss.g_gyro_y_dps
                0x20000f34        0x4 CMakeFiles/Eom_MPU6500_2.elf.dir/Core/Src/stm32f4xx_it.c.obj
                0x20000f34                g_gyro_y_dps
 .bss.g_gyro_y_raw
                0x20000f38        0x2 CMakeFiles/Eom_MPU6500_2.elf.dir/Core/Src/stm32f4xx_it.c.obj
                0x20000f38                g_gyro_y_raw
 .bss.g_gyro_z_bias_raw
                0x20000f3a        0x2 CMakeFiles/Eom_MPU6500_2.elf.dir/Core/Src/stm32f4xx_it.c.obj
                0x20000f3a                g_gyro_z_bias_raw
 .bss.g_gyro_z_dps
                0x20000f3c        0x4 CMakeFiles/Eom_MPU6500_2.elf.dir/Core/Src/stm32f4xx_it.c.obj
                0x20000f3c                g_gyro_z_dps
 .bss.g_gyro_z_raw
                0x20000f40        0x2 CMakeFiles/Eom_MPU6500_2.elf.dir/Core/Src/stm32f4xx_it.c.obj
                0x20000f40                g_gyro_z_raw
 .bss.g_motor_output_left
                0x20000f42        0x2 CMakeFiles/Eom_MPU6500_2.elf.dir/Core/Src/stm32f4xx_it.c.obj
                0x20000f42                g_motor_output_left
 .bss.g_motor_output_right
                0x20000f44        0x2 CMakeFiles/Eom_MPU6500_2.elf.dir/Core/Src/stm32f4xx_it.c.obj
                0x20000f44                g_motor_output_right
 *fill*         0x20000f46        0x2 
 .bss.g_pitch_angle
                0x20000f48        0x4 CMakeFiles/Eom_MPU6500_2.elf.dir/Core/Src/stm32f4xx_it.c.obj
                0x20000f48                g_pitch_angle
 .bss.g_target_pitch_angle
                0x20000f4c        0x4 CMakeFiles/Eom_MPU6500_2.elf.dir/Core/Src/stm32f4xx_it.c.obj
                0x20000f4c                g_target_pitch_angle
 .bss.__sbrk_heap_end
                0x20000f50        0x4 CMakeFiles/Eom_MPU6500_2.elf.dir/Core/Src/sysmem.c.obj
 .bss.htim1     0x20000f54       0x48 CMakeFiles/Eom_MPU6500_2.elf.dir/Core/Src/tim.c.obj
                0x20000f54                htim1
 .bss.htim3     0x20000f9c       0x48 CMakeFiles/Eom_MPU6500_2.elf.dir/Core/Src/tim.c.obj
                0x20000f9c                htim3
 .bss.htim5     0x20000fe4       0x48 CMakeFiles/Eom_MPU6500_2.elf.dir/Core/Src/tim.c.obj
                0x20000fe4                htim5
 .bss.huart2    0x2000102c       0x48 CMakeFiles/Eom_MPU6500_2.elf.dir/Core/Src/usart.c.obj
                0x2000102c                huart2
 .bss.huart6    0x20001074       0x48 CMakeFiles/Eom_MPU6500_2.elf.dir/Core/Src/usart.c.obj
                0x20001074                huart6
 .bss.uwTick    0x200010bc        0x4 CMakeFiles/Eom_MPU6500_2.elf.dir/Drivers/STM32F4xx_HAL_Driver/Src/stm32f4xx_hal.c.obj
                0x200010bc                uwTick
 .bss.__lock___atexit_recursive_mutex
                0x200010c0        0x1 e:/gcc-arm-none-eabi-10.3-2021.10/bin/../lib/gcc/arm-none-eabi/10.3.1/../../../../arm-none-eabi/lib/thumb/v7e-m/nofp\libg.a(lib_a-lock.o)
                0x200010c0                __lock___atexit_recursive_mutex
 *fill*         0x200010c1        0x3 
 .bss.__lock___malloc_recursive_mutex
                0x200010c4        0x1 e:/gcc-arm-none-eabi-10.3-2021.10/bin/../lib/gcc/arm-none-eabi/10.3.1/../../../../arm-none-eabi/lib/thumb/v7e-m/nofp\libg.a(lib_a-lock.o)
                0x200010c4                __lock___malloc_recursive_mutex
 *fill*         0x200010c5        0x3 
 .bss.__lock___sfp_recursive_mutex
                0x200010c8        0x1 e:/gcc-arm-none-eabi-10.3-2021.10/bin/../lib/gcc/arm-none-eabi/10.3.1/../../../../arm-none-eabi/lib/thumb/v7e-m/nofp\libg.a(lib_a-lock.o)
                0x200010c8                __lock___sfp_recursive_mutex
 *fill*         0x200010c9        0x3 
 .bss.__lock___sinit_recursive_mutex
                0x200010cc        0x1 e:/gcc-arm-none-eabi-10.3-2021.10/bin/../lib/gcc/arm-none-eabi/10.3.1/../../../../arm-none-eabi/lib/thumb/v7e-m/nofp\libg.a(lib_a-lock.o)
                0x200010cc                __lock___sinit_recursive_mutex
 *fill*         0x200010cd        0x3 
 .bss.__malloc_current_mallinfo
                0x200010d0       0x28 e:/gcc-arm-none-eabi-10.3-2021.10/bin/../lib/gcc/arm-none-eabi/10.3.1/../../../../arm-none-eabi/lib/thumb/v7e-m/nofp\libg.a(lib_a-mallocr.o)
                0x200010d0                __malloc_current_mallinfo
 .bss.__malloc_max_sbrked_mem
                0x200010f8        0x4 e:/gcc-arm-none-eabi-10.3-2021.10/bin/../lib/gcc/arm-none-eabi/10.3.1/../../../../arm-none-eabi/lib/thumb/v7e-m/nofp\libg.a(lib_a-mallocr.o)
                0x200010f8                __malloc_max_sbrked_mem
 .bss.__malloc_max_total_mem
                0x200010fc        0x4 e:/gcc-arm-none-eabi-10.3-2021.10/bin/../lib/gcc/arm-none-eabi/10.3.1/../../../../arm-none-eabi/lib/thumb/v7e-m/nofp\libg.a(lib_a-mallocr.o)
                0x200010fc                __malloc_max_total_mem
 .bss.__malloc_top_pad
                0x20001100        0x4 e:/gcc-arm-none-eabi-10.3-2021.10/bin/../lib/gcc/arm-none-eabi/10.3.1/../../../../arm-none-eabi/lib/thumb/v7e-m/nofp\libg.a(lib_a-mallocr.o)
                0x20001100                __malloc_top_pad
 .bss.errno     0x20001104        0x4 e:/gcc-arm-none-eabi-10.3-2021.10/bin/../lib/gcc/arm-none-eabi/10.3.1/../../../../arm-none-eabi/lib/thumb/v7e-m/nofp\libg.a(lib_a-reent.o)
                0x20001104                errno
 *(COMMON)
                0x20001108                . = ALIGN (0x4)
                0x20001108                _ebss = .
                0x20001108                __bss_end__ = _ebss

._user_heap_stack
                0x20001108      0x600 load address 0x0800c944
                0x20001108                . = ALIGN (0x8)
                [!provide]                PROVIDE (end = .)
                0x20001108                PROVIDE (_end = .)
                0x20001308                . = (. + _Min_Heap_Size)
 *fill*         0x20001108      0x200 
                0x20001708                . = (. + _Min_Stack_Size)
 *fill*         0x20001308      0x400 
                0x20001708                . = ALIGN (0x8)

/DISCARD/
 libc.a(*)
 libm.a(*)
 libgcc.a(*)

.ARM.attributes
                0x00000000       0x2a
 *(.ARM.attributes)
 .ARM.attributes
                0x00000000       0x1e e:/gcc-arm-none-eabi-10.3-2021.10/bin/../lib/gcc/arm-none-eabi/10.3.1/thumb/v7e-m/nofp/crti.o
 .ARM.attributes
                0x0000001e       0x2e e:/gcc-arm-none-eabi-10.3-2021.10/bin/../lib/gcc/arm-none-eabi/10.3.1/thumb/v7e-m/nofp/crtbegin.o
 .ARM.attributes
                0x0000004c       0x2e CMakeFiles/Eom_MPU6500_2.elf.dir/Core/Src/MPU6500.c.obj
 .ARM.attributes
                0x0000007a       0x2e CMakeFiles/Eom_MPU6500_2.elf.dir/Core/Src/bluetooth_hc05.c.obj
 .ARM.attributes
                0x000000a8       0x2e CMakeFiles/Eom_MPU6500_2.elf.dir/Core/Src/gpio.c.obj
 .ARM.attributes
                0x000000d6       0x2e CMakeFiles/Eom_MPU6500_2.elf.dir/Core/Src/i2c.c.obj
 .ARM.attributes
                0x00000104       0x2e CMakeFiles/Eom_MPU6500_2.elf.dir/Core/Src/main.c.obj
 .ARM.attributes
                0x00000132       0x2e CMakeFiles/Eom_MPU6500_2.elf.dir/Core/Src/motor.c.obj
 .ARM.attributes
                0x00000160       0x2e CMakeFiles/Eom_MPU6500_2.elf.dir/Core/Src/ssd1306.c.obj
 .ARM.attributes
                0x0000018e       0x2e CMakeFiles/Eom_MPU6500_2.elf.dir/Core/Src/stm32f4xx_hal_msp.c.obj
 .ARM.attributes
                0x000001bc       0x2e CMakeFiles/Eom_MPU6500_2.elf.dir/Core/Src/stm32f4xx_it.c.obj
 .ARM.attributes
                0x000001ea       0x2e CMakeFiles/Eom_MPU6500_2.elf.dir/Core/Src/syscalls.c.obj
 .ARM.attributes
                0x00000218       0x2e CMakeFiles/Eom_MPU6500_2.elf.dir/Core/Src/sysmem.c.obj
 .ARM.attributes
                0x00000246       0x2e CMakeFiles/Eom_MPU6500_2.elf.dir/Core/Src/system_stm32f4xx.c.obj
 .ARM.attributes
                0x00000274       0x2e CMakeFiles/Eom_MPU6500_2.elf.dir/Core/Src/tim.c.obj
 .ARM.attributes
                0x000002a2       0x2e CMakeFiles/Eom_MPU6500_2.elf.dir/Core/Src/usart.c.obj
 .ARM.attributes
                0x000002d0       0x21 CMakeFiles/Eom_MPU6500_2.elf.dir/Core/Startup/startup_stm32f401retx.s.obj
 .ARM.attributes
                0x000002f1       0x2e CMakeFiles/Eom_MPU6500_2.elf.dir/Drivers/STM32F4xx_HAL_Driver/Src/stm32f4xx_hal.c.obj
 .ARM.attributes
                0x0000031f       0x2e CMakeFiles/Eom_MPU6500_2.elf.dir/Drivers/STM32F4xx_HAL_Driver/Src/stm32f4xx_hal_cortex.c.obj
 .ARM.attributes
                0x0000034d       0x2e CMakeFiles/Eom_MPU6500_2.elf.dir/Drivers/STM32F4xx_HAL_Driver/Src/stm32f4xx_hal_dma.c.obj
 .ARM.attributes
                0x0000037b       0x2e CMakeFiles/Eom_MPU6500_2.elf.dir/Drivers/STM32F4xx_HAL_Driver/Src/stm32f4xx_hal_gpio.c.obj
 .ARM.attributes
                0x000003a9       0x2e CMakeFiles/Eom_MPU6500_2.elf.dir/Drivers/STM32F4xx_HAL_Driver/Src/stm32f4xx_hal_i2c.c.obj
 .ARM.attributes
                0x000003d7       0x2e CMakeFiles/Eom_MPU6500_2.elf.dir/Drivers/STM32F4xx_HAL_Driver/Src/stm32f4xx_hal_rcc.c.obj
 .ARM.attributes
                0x00000405       0x2e CMakeFiles/Eom_MPU6500_2.elf.dir/Drivers/STM32F4xx_HAL_Driver/Src/stm32f4xx_hal_tim.c.obj
 .ARM.attributes
                0x00000433       0x2e CMakeFiles/Eom_MPU6500_2.elf.dir/Drivers/STM32F4xx_HAL_Driver/Src/stm32f4xx_hal_tim_ex.c.obj
 .ARM.attributes
                0x00000461       0x2e CMakeFiles/Eom_MPU6500_2.elf.dir/Drivers/STM32F4xx_HAL_Driver/Src/stm32f4xx_hal_uart.c.obj
 .ARM.attributes
                0x0000048f       0x1e e:/gcc-arm-none-eabi-10.3-2021.10/bin/../lib/gcc/arm-none-eabi/10.3.1/thumb/v7e-m/nofp\libgcc.a(_arm_addsubdf3.o)
 .ARM.attributes
                0x000004ad       0x1e e:/gcc-arm-none-eabi-10.3-2021.10/bin/../lib/gcc/arm-none-eabi/10.3.1/thumb/v7e-m/nofp\libgcc.a(_arm_truncdfsf2.o)
 .ARM.attributes
                0x000004cb       0x1e e:/gcc-arm-none-eabi-10.3-2021.10/bin/../lib/gcc/arm-none-eabi/10.3.1/thumb/v7e-m/nofp\libgcc.a(_arm_addsubsf3.o)
 .ARM.attributes
                0x000004e9       0x1e e:/gcc-arm-none-eabi-10.3-2021.10/bin/../lib/gcc/arm-none-eabi/10.3.1/thumb/v7e-m/nofp\libgcc.a(_arm_muldivsf3.o)
 .ARM.attributes
                0x00000507       0x1e e:/gcc-arm-none-eabi-10.3-2021.10/bin/../lib/gcc/arm-none-eabi/10.3.1/thumb/v7e-m/nofp\libgcc.a(_arm_cmpsf2.o)
 .ARM.attributes
                0x00000525       0x1e e:/gcc-arm-none-eabi-10.3-2021.10/bin/../lib/gcc/arm-none-eabi/10.3.1/thumb/v7e-m/nofp\libgcc.a(_arm_fixsfsi.o)
 .ARM.attributes
                0x00000543       0x1e e:/gcc-arm-none-eabi-10.3-2021.10/bin/../lib/gcc/arm-none-eabi/10.3.1/thumb/v7e-m/nofp\libgcc.a(_arm_fixunssfsi.o)
 .ARM.attributes
                0x00000561       0x1e e:/gcc-arm-none-eabi-10.3-2021.10/bin/../lib/gcc/arm-none-eabi/10.3.1/thumb/v7e-m/nofp\libgcc.a(_aeabi_uldivmod.o)
 .ARM.attributes
                0x0000057f       0x2e e:/gcc-arm-none-eabi-10.3-2021.10/bin/../lib/gcc/arm-none-eabi/10.3.1/thumb/v7e-m/nofp\libgcc.a(_udivmoddi4.o)
 .ARM.attributes
                0x000005ad       0x1e e:/gcc-arm-none-eabi-10.3-2021.10/bin/../lib/gcc/arm-none-eabi/10.3.1/thumb/v7e-m/nofp\libgcc.a(_dvmd_tls.o)
 .ARM.attributes
                0x000005cb       0x2e e:/gcc-arm-none-eabi-10.3-2021.10/bin/../lib/gcc/arm-none-eabi/10.3.1/../../../../arm-none-eabi/lib/thumb/v7e-m/nofp\libg.a(lib_a-errno.o)
 .ARM.attributes
                0x000005f9       0x2e e:/gcc-arm-none-eabi-10.3-2021.10/bin/../lib/gcc/arm-none-eabi/10.3.1/../../../../arm-none-eabi/lib/thumb/v7e-m/nofp\libg.a(lib_a-impure.o)
 .ARM.attributes
                0x00000627       0x2e e:/gcc-arm-none-eabi-10.3-2021.10/bin/../lib/gcc/arm-none-eabi/10.3.1/../../../../arm-none-eabi/lib/thumb/v7e-m/nofp\libg.a(lib_a-init.o)
 .ARM.attributes
                0x00000655       0x1c e:/gcc-arm-none-eabi-10.3-2021.10/bin/../lib/gcc/arm-none-eabi/10.3.1/../../../../arm-none-eabi/lib/thumb/v7e-m/nofp\libg.a(lib_a-memcpy.o)
 .ARM.attributes
                0x00000671       0x2e e:/gcc-arm-none-eabi-10.3-2021.10/bin/../lib/gcc/arm-none-eabi/10.3.1/../../../../arm-none-eabi/lib/thumb/v7e-m/nofp\libg.a(lib_a-memset.o)
 .ARM.attributes
                0x0000069f       0x2e e:/gcc-arm-none-eabi-10.3-2021.10/bin/../lib/gcc/arm-none-eabi/10.3.1/../../../../arm-none-eabi/lib/thumb/v7e-m/nofp\libg.a(lib_a-printf.o)
 .ARM.attributes
                0x000006cd       0x2e e:/gcc-arm-none-eabi-10.3-2021.10/bin/../lib/gcc/arm-none-eabi/10.3.1/../../../../arm-none-eabi/lib/thumb/v7e-m/nofp\libg.a(lib_a-puts.o)
 .ARM.attributes
                0x000006fb       0x1c e:/gcc-arm-none-eabi-10.3-2021.10/bin/../lib/gcc/arm-none-eabi/10.3.1/../../../../arm-none-eabi/lib/thumb/v7e-m/nofp\libg.a(lib_a-strlen.o)
 .ARM.attributes
                0x00000717       0x2e e:/gcc-arm-none-eabi-10.3-2021.10/bin/../lib/gcc/arm-none-eabi/10.3.1/../../../../arm-none-eabi/lib/thumb/v7e-m/nofp\libg.a(lib_a-vfprintf.o)
 .ARM.attributes
                0x00000745       0x2e e:/gcc-arm-none-eabi-10.3-2021.10/bin/../lib/gcc/arm-none-eabi/10.3.1/../../../../arm-none-eabi/lib/thumb/v7e-m/nofp\libg.a(lib_a-wsetup.o)
 .ARM.attributes
                0x00000773       0x2e e:/gcc-arm-none-eabi-10.3-2021.10/bin/../lib/gcc/arm-none-eabi/10.3.1/../../../../arm-none-eabi/lib/thumb/v7e-m/nofp\libg.a(lib_a-__call_atexit.o)
 .ARM.attributes
                0x000007a1       0x2e e:/gcc-arm-none-eabi-10.3-2021.10/bin/../lib/gcc/arm-none-eabi/10.3.1/../../../../arm-none-eabi/lib/thumb/v7e-m/nofp\libg.a(lib_a-atexit.o)
 .ARM.attributes
                0x000007cf       0x2e e:/gcc-arm-none-eabi-10.3-2021.10/bin/../lib/gcc/arm-none-eabi/10.3.1/../../../../arm-none-eabi/lib/thumb/v7e-m/nofp\libg.a(lib_a-dtoa.o)
 .ARM.attributes
                0x000007fd       0x2e e:/gcc-arm-none-eabi-10.3-2021.10/bin/../lib/gcc/arm-none-eabi/10.3.1/../../../../arm-none-eabi/lib/thumb/v7e-m/nofp\libg.a(lib_a-fflush.o)
 .ARM.attributes
                0x0000082b       0x2e e:/gcc-arm-none-eabi-10.3-2021.10/bin/../lib/gcc/arm-none-eabi/10.3.1/../../../../arm-none-eabi/lib/thumb/v7e-m/nofp\libg.a(lib_a-findfp.o)
 .ARM.attributes
                0x00000859       0x2e e:/gcc-arm-none-eabi-10.3-2021.10/bin/../lib/gcc/arm-none-eabi/10.3.1/../../../../arm-none-eabi/lib/thumb/v7e-m/nofp\libg.a(lib_a-fini.o)
 .ARM.attributes
                0x00000887       0x2e e:/gcc-arm-none-eabi-10.3-2021.10/bin/../lib/gcc/arm-none-eabi/10.3.1/../../../../arm-none-eabi/lib/thumb/v7e-m/nofp\libg.a(lib_a-freer.o)
 .ARM.attributes
                0x000008b5       0x2e e:/gcc-arm-none-eabi-10.3-2021.10/bin/../lib/gcc/arm-none-eabi/10.3.1/../../../../arm-none-eabi/lib/thumb/v7e-m/nofp\libg.a(lib_a-fvwrite.o)
 .ARM.attributes
                0x000008e3       0x2e e:/gcc-arm-none-eabi-10.3-2021.10/bin/../lib/gcc/arm-none-eabi/10.3.1/../../../../arm-none-eabi/lib/thumb/v7e-m/nofp\libg.a(lib_a-fwalk.o)
 .ARM.attributes
                0x00000911       0x2e e:/gcc-arm-none-eabi-10.3-2021.10/bin/../lib/gcc/arm-none-eabi/10.3.1/../../../../arm-none-eabi/lib/thumb/v7e-m/nofp\libg.a(lib_a-localeconv.o)
 .ARM.attributes
                0x0000093f       0x2e e:/gcc-arm-none-eabi-10.3-2021.10/bin/../lib/gcc/arm-none-eabi/10.3.1/../../../../arm-none-eabi/lib/thumb/v7e-m/nofp\libg.a(lib_a-lock.o)
 .ARM.attributes
                0x0000096d       0x2e e:/gcc-arm-none-eabi-10.3-2021.10/bin/../lib/gcc/arm-none-eabi/10.3.1/../../../../arm-none-eabi/lib/thumb/v7e-m/nofp\libg.a(lib_a-makebuf.o)
 .ARM.attributes
                0x0000099b       0x2e e:/gcc-arm-none-eabi-10.3-2021.10/bin/../lib/gcc/arm-none-eabi/10.3.1/../../../../arm-none-eabi/lib/thumb/v7e-m/nofp\libg.a(lib_a-mallocr.o)
 .ARM.attributes
                0x000009c9       0x1c e:/gcc-arm-none-eabi-10.3-2021.10/bin/../lib/gcc/arm-none-eabi/10.3.1/../../../../arm-none-eabi/lib/thumb/v7e-m/nofp\libg.a(lib_a-memchr.o)
 .ARM.attributes
                0x000009e5       0x2e e:/gcc-arm-none-eabi-10.3-2021.10/bin/../lib/gcc/arm-none-eabi/10.3.1/../../../../arm-none-eabi/lib/thumb/v7e-m/nofp\libg.a(lib_a-memmove.o)
 .ARM.attributes
                0x00000a13       0x2e e:/gcc-arm-none-eabi-10.3-2021.10/bin/../lib/gcc/arm-none-eabi/10.3.1/../../../../arm-none-eabi/lib/thumb/v7e-m/nofp\libg.a(lib_a-mlock.o)
 .ARM.attributes
                0x00000a41       0x2e e:/gcc-arm-none-eabi-10.3-2021.10/bin/../lib/gcc/arm-none-eabi/10.3.1/../../../../arm-none-eabi/lib/thumb/v7e-m/nofp\libg.a(lib_a-mprec.o)
 .ARM.attributes
                0x00000a6f       0x2e e:/gcc-arm-none-eabi-10.3-2021.10/bin/../lib/gcc/arm-none-eabi/10.3.1/../../../../arm-none-eabi/lib/thumb/v7e-m/nofp\libg.a(lib_a-reallocr.o)
 .ARM.attributes
                0x00000a9d       0x2e e:/gcc-arm-none-eabi-10.3-2021.10/bin/../lib/gcc/arm-none-eabi/10.3.1/../../../../arm-none-eabi/lib/thumb/v7e-m/nofp\libg.a(lib_a-s_frexp.o)
 .ARM.attributes